Archive member included to satisfy reference by file (symbol)

c:/st/stm32cubeide_1.0.2/stm32cubeide/plugins/com.st.stm32cube.ide.mcu.externaltools.gnu-tools-for-stm32.7-2018-q2-update.win32_1.0.0.201904181610/tools/bin/../lib/gcc/arm-none-eabi/7.3.1/../../../../arm-none-eabi/lib/thumb/v7-m\libc_nano.a(lib_a-errno.o)
                              Core/Src/syscalls.o (__errno)
c:/st/stm32cubeide_1.0.2/stm32cubeide/plugins/com.st.stm32cube.ide.mcu.externaltools.gnu-tools-for-stm32.7-2018-q2-update.win32_1.0.0.201904181610/tools/bin/../lib/gcc/arm-none-eabi/7.3.1/../../../../arm-none-eabi/lib/thumb/v7-m\libc_nano.a(lib_a-exit.o)
                              c:/st/stm32cubeide_1.0.2/stm32cubeide/plugins/com.st.stm32cube.ide.mcu.externaltools.gnu-tools-for-stm32.7-2018-q2-update.win32_1.0.0.201904181610/tools/bin/../lib/gcc/arm-none-eabi/7.3.1/../../../../arm-none-eabi/lib/thumb/v7-m/crt0.o (exit)
c:/st/stm32cubeide_1.0.2/stm32cubeide/plugins/com.st.stm32cube.ide.mcu.externaltools.gnu-tools-for-stm32.7-2018-q2-update.win32_1.0.0.201904181610/tools/bin/../lib/gcc/arm-none-eabi/7.3.1/../../../../arm-none-eabi/lib/thumb/v7-m\libc_nano.a(lib_a-impure.o)
                              c:/st/stm32cubeide_1.0.2/stm32cubeide/plugins/com.st.stm32cube.ide.mcu.externaltools.gnu-tools-for-stm32.7-2018-q2-update.win32_1.0.0.201904181610/tools/bin/../lib/gcc/arm-none-eabi/7.3.1/../../../../arm-none-eabi/lib/thumb/v7-m\libc_nano.a(lib_a-exit.o) (_global_impure_ptr)
c:/st/stm32cubeide_1.0.2/stm32cubeide/plugins/com.st.stm32cube.ide.mcu.externaltools.gnu-tools-for-stm32.7-2018-q2-update.win32_1.0.0.201904181610/tools/bin/../lib/gcc/arm-none-eabi/7.3.1/../../../../arm-none-eabi/lib/thumb/v7-m\libc_nano.a(lib_a-init.o)
                              c:/st/stm32cubeide_1.0.2/stm32cubeide/plugins/com.st.stm32cube.ide.mcu.externaltools.gnu-tools-for-stm32.7-2018-q2-update.win32_1.0.0.201904181610/tools/bin/../lib/gcc/arm-none-eabi/7.3.1/../../../../arm-none-eabi/lib/thumb/v7-m/crt0.o (__libc_init_array)
c:/st/stm32cubeide_1.0.2/stm32cubeide/plugins/com.st.stm32cube.ide.mcu.externaltools.gnu-tools-for-stm32.7-2018-q2-update.win32_1.0.0.201904181610/tools/bin/../lib/gcc/arm-none-eabi/7.3.1/../../../../arm-none-eabi/lib/thumb/v7-m\libc_nano.a(lib_a-memset.o)
                              c:/st/stm32cubeide_1.0.2/stm32cubeide/plugins/com.st.stm32cube.ide.mcu.externaltools.gnu-tools-for-stm32.7-2018-q2-update.win32_1.0.0.201904181610/tools/bin/../lib/gcc/arm-none-eabi/7.3.1/../../../../arm-none-eabi/lib/thumb/v7-m/crt0.o (memset)
c:/st/stm32cubeide_1.0.2/stm32cubeide/plugins/com.st.stm32cube.ide.mcu.externaltools.gnu-tools-for-stm32.7-2018-q2-update.win32_1.0.0.201904181610/tools/bin/../lib/gcc/arm-none-eabi/7.3.1/../../../../arm-none-eabi/lib/thumb/v7-m\libc_nano.a(lib_a-printf.o)
                              Core/UserCode/circularQueue.o (printf)
c:/st/stm32cubeide_1.0.2/stm32cubeide/plugins/com.st.stm32cube.ide.mcu.externaltools.gnu-tools-for-stm32.7-2018-q2-update.win32_1.0.0.201904181610/tools/bin/../lib/gcc/arm-none-eabi/7.3.1/../../../../arm-none-eabi/lib/thumb/v7-m\libc_nano.a(lib_a-sprintf.o)
                              Core/Src/main.o (sprintf)
c:/st/stm32cubeide_1.0.2/stm32cubeide/plugins/com.st.stm32cube.ide.mcu.externaltools.gnu-tools-for-stm32.7-2018-q2-update.win32_1.0.0.201904181610/tools/bin/../lib/gcc/arm-none-eabi/7.3.1/../../../../arm-none-eabi/lib/thumb/v7-m\libc_nano.a(lib_a-findfp.o)
                              c:/st/stm32cubeide_1.0.2/stm32cubeide/plugins/com.st.stm32cube.ide.mcu.externaltools.gnu-tools-for-stm32.7-2018-q2-update.win32_1.0.0.201904181610/tools/bin/../lib/gcc/arm-none-eabi/7.3.1/../../../../arm-none-eabi/lib/thumb/v7-m\libc_nano.a(lib_a-printf.o) (__sinit)
c:/st/stm32cubeide_1.0.2/stm32cubeide/plugins/com.st.stm32cube.ide.mcu.externaltools.gnu-tools-for-stm32.7-2018-q2-update.win32_1.0.0.201904181610/tools/bin/../lib/gcc/arm-none-eabi/7.3.1/../../../../arm-none-eabi/lib/thumb/v7-m\libc_nano.a(lib_a-fwalk.o)
                              c:/st/stm32cubeide_1.0.2/stm32cubeide/plugins/com.st.stm32cube.ide.mcu.externaltools.gnu-tools-for-stm32.7-2018-q2-update.win32_1.0.0.201904181610/tools/bin/../lib/gcc/arm-none-eabi/7.3.1/../../../../arm-none-eabi/lib/thumb/v7-m\libc_nano.a(lib_a-findfp.o) (_fwalk)
c:/st/stm32cubeide_1.0.2/stm32cubeide/plugins/com.st.stm32cube.ide.mcu.externaltools.gnu-tools-for-stm32.7-2018-q2-update.win32_1.0.0.201904181610/tools/bin/../lib/gcc/arm-none-eabi/7.3.1/../../../../arm-none-eabi/lib/thumb/v7-m\libc_nano.a(lib_a-nano-mallocr.o)
                              c:/st/stm32cubeide_1.0.2/stm32cubeide/plugins/com.st.stm32cube.ide.mcu.externaltools.gnu-tools-for-stm32.7-2018-q2-update.win32_1.0.0.201904181610/tools/bin/../lib/gcc/arm-none-eabi/7.3.1/../../../../arm-none-eabi/lib/thumb/v7-m\libc_nano.a(lib_a-findfp.o) (_malloc_r)
[...]
Memory Configuration

Name             Origin             Length             Attributes
RAM              0x0000000020000000 0x0000000000005000 xrw
FLASH            0x0000000008000000 0x0000000000010000 xr
*default*        0x0000000000000000 0xffffffffffffffff

Linker script and memory map

LOAD c:/st/stm32cubeide_1.0.2/stm32cubeide/plugins/com.st.stm32cube.ide.mcu.externaltools.gnu-tools-for-stm32.7-2018-q2-update.win32_1.0.0.201904181610/tools/bin/../lib/gcc/arm-none-eabi/7.3.1/thumb/v7-m/crti.o
LOAD c:/st/stm32cubeide_1.0.2/stm32cubeide/plugins/com.st.stm32cube.ide.mcu.externaltools.gnu-tools-for-stm32.7-2018-q2-update.win32_1.0.0.201904181610/tools/bin/../lib/gcc/arm-none-eabi/7.3.1/thumb/v7-m/crtbegin.o
LOAD c:/st/stm32cubeide_1.0.2/stm32cubeide/plugins/com.st.stm32cube.ide.mcu.externaltools.gnu-tools-for-stm32.7-2018-q2-update.win32_1.0.0.201904181610/tools/bin/../lib/gcc/arm-none-eabi/7.3.1/../../../../arm-none-eabi/lib/thumb/v7-m/crt0.o
LOAD Core/Src/main.o
LOAD Core/Src/stm32f1xx_hal_msp.o
LOAD Core/Src/stm32f1xx_hal_timebase_tim.o
LOAD Core/Src/stm32f1xx_it.o
LOAD Core/Src/syscalls.o
LOAD Core/Src/sysmem.o
LOAD Core/Src/system_stm32f1xx.o
LOAD Core/Startup/startup_stm32f103c8tx.o
LOAD Core/UserCode/ADC.o
LOAD Core/UserCode/Button.o
LOAD Core/UserCode/FSM.o
LOAD Core/UserCode/I2C_LCD.o
LOAD Core/UserCode/LED.o
LOAD Core/UserCode/Servo.o
LOAD Core/UserCode/Step_Motor.o
LOAD Core/UserCode/circularQueue.o
LOAD Drivers/STM32F1xx_HAL_Driver/Src/stm32f1xx_hal.o
LOAD Drivers/STM32F1xx_HAL_Driver/Src/stm32f1xx_hal_adc.o
LOAD Drivers/STM32F1xx_HAL_Driver/Src/stm32f1xx_hal_adc_ex.o
LOAD Drivers/STM32F1xx_HAL_Driver/Src/stm32f1xx_hal_cortex.o
LOAD Drivers/STM32F1xx_HAL_Driver/Src/stm32f1xx_hal_dma.o
LOAD Drivers/STM32F1xx_HAL_Driver/Src/stm32f1xx_hal_exti.o
LOAD Drivers/STM32F1xx_HAL_Driver/Src/stm32f1xx_hal_flash.o
LOAD Drivers/STM32F1xx_HAL_Driver/Src/stm32f1xx_hal_flash_ex.o
LOAD Drivers/STM32F1xx_HAL_Driver/Src/stm32f1xx_hal_gpio.o
LOAD Drivers/STM32F1xx_HAL_Driver/Src/stm32f1xx_hal_gpio_ex.o
LOAD Drivers/STM32F1xx_HAL_Driver/Src/stm32f1xx_hal_i2c.o
LOAD Drivers/STM32F1xx_HAL_Driver/Src/stm32f1xx_hal_pwr.o
LOAD Drivers/STM32F1xx_HAL_Driver/Src/stm32f1xx_hal_rcc.o
LOAD Drivers/STM32F1xx_HAL_Driver/Src/stm32f1xx_hal_rcc_ex.o
LOAD Drivers/STM32F1xx_HAL_Driver/Src/stm32f1xx_hal_tim.o
LOAD Drivers/STM32F1xx_HAL_Driver/Src/stm32f1xx_hal_tim_ex.o
LOAD Drivers/STM32F1xx_HAL_Driver/Src/stm32f1xx_hal_uart.o
START GROUP
LOAD c:/st/stm32cubeide_1.0.2/stm32cubeide/plugins/com.st.stm32cube.ide.mcu.externaltools.gnu-tools-for-stm32.7-2018-q2-update.win32_1.0.0.201904181610/tools/bin/../lib/gcc/arm-none-eabi/7.3.1/../../../../arm-none-eabi/lib/thumb/v7-m\libc_nano.a
LOAD c:/st/stm32cubeide_1.0.2/stm32cubeide/plugins/com.st.stm32cube.ide.mcu.externaltools.gnu-tools-for-stm32.7-2018-q2-update.win32_1.0.0.201904181610/tools/bin/../lib/gcc/arm-none-eabi/7.3.1/../../../../arm-none-eabi/lib/thumb/v7-m\libm.a
END GROUP
START GROUP
LOAD c:/st/stm32cubeide_1.0.2/stm32cubeide/plugins/com.st.stm32cube.ide.mcu.externaltools.gnu-tools-for-stm32.7-2018-q2-update.win32_1.0.0.201904181610/tools/bin/../lib/gcc/arm-none-eabi/7.3.1/thumb/v7-m\libgcc.a
LOAD c:/st/stm32cubeide_1.0.2/stm32cubeide/plugins/com.st.stm32cube.ide.mcu.externaltools.gnu-tools-for-stm32.7-2018-q2-update.win32_1.0.0.201904181610/tools/bin/../lib/gcc/arm-none-eabi/7.3.1/../../../../arm-none-eabi/lib/thumb/v7-m\libc_nano.a
END GROUP
START GROUP
LOAD c:/st/stm32cubeide_1.0.2/stm32cubeide/plugins/com.st.stm32cube.ide.mcu.externaltools.gnu-tools-for-stm32.7-2018-q2-update.win32_1.0.0.201904181610/tools/bin/../lib/gcc/arm-none-eabi/7.3.1/thumb/v7-m\libgcc.a
LOAD c:/st/stm32cubeide_1.0.2/stm32cubeide/plugins/com.st.stm32cube.ide.mcu.externaltools.gnu-tools-for-stm32.7-2018-q2-update.win32_1.0.0.201904181610/tools/bin/../lib/gcc/arm-none-eabi/7.3.1/../../../../arm-none-eabi/lib/thumb/v7-m\libc_nano.a
LOAD c:/st/stm32cubeide_1.0.2/stm32cubeide/plugins/com.st.stm32cube.ide.mcu.externaltools.gnu-tools-for-stm32.7-2018-q2-update.win32_1.0.0.201904181610/tools/bin/../lib/gcc/arm-none-eabi/7.3.1/../../../../arm-none-eabi/lib/thumb/v7-m\libnosys.a
END GROUP
START GROUP
LOAD c:/st/stm32cubeide_1.0.2/stm32cubeide/plugins/com.st.stm32cube.ide.mcu.externaltools.gnu-tools-for-stm32.7-2018-q2-update.win32_1.0.0.201904181610/tools/bin/../lib/gcc/arm-none-eabi/7.3.1/thumb/v7-m\libgcc.a
LOAD c:/st/stm32cubeide_1.0.2/stm32cubeide/plugins/com.st.stm32cube.ide.mcu.externaltools.gnu-tools-for-stm32.7-2018-q2-update.win32_1.0.0.201904181610/tools/bin/../lib/gcc/arm-none-eabi/7.3.1/../../../../arm-none-eabi/lib/thumb/v7-m\libc_nano.a
LOAD c:/st/stm32cubeide_1.0.2/stm32cubeide/plugins/com.st.stm32cube.ide.mcu.externaltools.gnu-tools-for-stm32.7-2018-q2-update.win32_1.0.0.201904181610/tools/bin/../lib/gcc/arm-none-eabi/7.3.1/../../../../arm-none-eabi/lib/thumb/v7-m\libnosys.a
END GROUP
LOAD c:/st/stm32cubeide_1.0.2/stm32cubeide/plugins/com.st.stm32cube.ide.mcu.externaltools.gnu-tools-for-stm32.7-2018-q2-update.win32_1.0.0.201904181610/tools/bin/../lib/gcc/arm-none-eabi/7.3.1/thumb/v7-m/crtend.o
LOAD c:/st/stm32cubeide_1.0.2/stm32cubeide/plugins/com.st.stm32cube.ide.mcu.externaltools.gnu-tools-for-stm32.7-2018-q2-update.win32_1.0.0.201904181610/tools/bin/../lib/gcc/arm-none-eabi/7.3.1/thumb/v7-m/crtn.o
                0x0000000020005000                _estack = (ORIGIN (RAM) + LENGTH (RAM))
                0x0000000000000200                _Min_Heap_Size = 0x200
                0x0000000000000400                _Min_Stack_Size = 0x400

.isr_vector     0x0000000008000000      0x10c
                0x0000000008000000                . = ALIGN (0x4)
 *(.isr_vector)
 .isr_vector    0x0000000008000000      0x10c Core/Startup/startup_stm32f103c8tx.o
                0x0000000008000000                g_pfnVectors
                0x000000000800010c                . = ALIGN (0x4)

.text           0x0000000008000110     0x6808
                0x0000000008000110                . = ALIGN (0x4)
 *(.text)
 .text          0x0000000008000110       0x40 c:/st/stm32cubeide_1.0.2/stm32cubeide/plugins/com.st.stm32cube.ide.mcu.externaltools.gnu-tools-for-stm32.7-2018-q2-update.win32_1.0.0.201904181610/tools/bin/../lib/gcc/arm-none-eabi/7.3.1/thumb/v7-m/crtbegin.o
 .text          0x0000000008000150      0x378 c:/st/stm32cubeide_1.0.2/stm32cubeide/plugins/com.st.stm32cube.ide.mcu.externaltools.gnu-tools-for-stm32.7-2018-q2-update.win32_1.0.0.201904181610/tools/bin/../lib/gcc/arm-none-eabi/7.3.1/thumb/v7-m\libgcc.a(_arm_addsubdf3.o)
                0x0000000008000150                __aeabi_drsub
                0x0000000008000158                __aeabi_dsub
                0x0000000008000158                __subdf3
                0x000000000800015c                __aeabi_dadd
                0x000000000800015c                __adddf3
                0x00000000080003d4                __floatunsidf
                0x00000000080003d4                __aeabi_ui2d
                0x00000000080003f4                __floatsidf
                0x00000000080003f4                __aeabi_i2d
                0x0000000008000418                __aeabi_f2d
                0x0000000008000418                __extendsfdf2
                0x000000000800045c                __floatundidf
                0x000000000800045c                __aeabi_ul2d
                0x000000000800046c                __floatdidf
                0x000000000800046c                __aeabi_l2d
 .text          0x00000000080004c8      0x424 c:/st/stm32cubeide_1.0.2/stm32cubeide/plugins/com.st.stm32cube.ide.mcu.externaltools.gnu-tools-for-stm32.7-2018-q2-update.win32_1.0.0.201904181610/tools/bin/../lib/gcc/arm-none-eabi/7.3.1/thumb/v7-m\libgcc.a(_arm_muldivdf3.o)
                0x00000000080004c8                __aeabi_dmul
                0x00000000080004c8                __muldf3
                0x000000000800071c                __divdf3
                0x000000000800071c                __aeabi_ddiv
 .text          0x00000000080008ec       0x40 c:/st/stm32cubeide_1.0.2/stm32cubeide/plugins/com.st.stm32cube.ide.mcu.externaltools.gnu-tools-for-stm32.7-2018-q2-update.win32_1.0.0.201904181610/tools/bin/../lib/gcc/arm-none-eabi/7.3.1/thumb/v7-m\libgcc.a(_arm_fixunsdfsi.o)
                0x00000000080008ec                __aeabi_d2uiz
                0x00000000080008ec                __fixunsdfsi
 *(.text*)
 .text.HAL_UART_RxCpltCallback
                0x000000000800092c       0x9c Core/Src/main.o
                0x000000000800092c                HAL_UART_RxCpltCallback
 .text.main     0x00000000080009c8      0x1ac Core/Src/main.o
                0x00000000080009c8                main
 .text.SystemClock_Config
                0x0000000008000b74       0xb6 Core/Src/main.o
                0x0000000008000b74                SystemClock_Config
 .text.MX_NVIC_Init
                0x0000000008000c2a       0x28 Core/Src/main.o
 *fill*         0x0000000008000c52        0x2 
 .text.MX_ADC1_Init
                0x0000000008000c54       0xf0 Core/Src/main.o
 .text.MX_ADC2_Init
                0x0000000008000d44       0xd4 Core/Src/main.o
 .text.MX_I2C1_Init
                0x0000000008000e18       0x5c Core/Src/main.o
 .text.MX_TIM1_Init
                0x0000000008000e74      0x104 Core/Src/main.o
 .text.MX_TIM2_Init
                0x0000000008000f78       0x98 Core/Src/main.o
 .text.MX_TIM3_Init
                0x0000000008001010       0xb4 Core/Src/main.o
 .text.MX_USART1_UART_Init
                0x00000000080010c4       0x54 Core/Src/main.o
 .text.MX_GPIO_Init
                0x0000000008001118      0x124 Core/Src/main.o
 .text.HAL_TIM_PeriodElapsedCallback
                0x000000000800123c       0x30 Core/Src/main.o
                0x000000000800123c                HAL_TIM_PeriodElapsedCallback
 .text.Error_Handler
                0x000000000800126c        0xc Core/Src/main.o
                0x000000000800126c                Error_Handler
 .text.HAL_MspInit
                0x0000000008001278       0x64 Core/Src/stm32f1xx_hal_msp.o
                0x0000000008001278                HAL_MspInit
 .text.HAL_ADC_MspInit
                0x00000000080012dc       0xfc Core/Src/stm32f1xx_hal_msp.o
                0x00000000080012dc                HAL_ADC_MspInit
 .text.HAL_I2C_MspInit
                0x00000000080013d8       0xa0 Core/Src/stm32f1xx_hal_msp.o
                0x00000000080013d8                HAL_I2C_MspInit
 .text.HAL_TIM_PWM_MspInit
                0x0000000008001478       0x74 Core/Src/stm32f1xx_hal_msp.o
                0x0000000008001478                HAL_TIM_PWM_MspInit
 .text.HAL_TIM_Base_MspInit
                0x00000000080014ec       0x38 Core/Src/stm32f1xx_hal_msp.o
                0x00000000080014ec                HAL_TIM_Base_MspInit
 .text.HAL_TIM_MspPostInit
                0x0000000008001524       0xac Core/Src/stm32f1xx_hal_msp.o
                0x0000000008001524                HAL_TIM_MspPostInit
 .text.HAL_UART_MspInit
                0x00000000080015d0       0xc4 Core/Src/stm32f1xx_hal_msp.o
                0x00000000080015d0                HAL_UART_MspInit
 .text.HAL_InitTick
                0x0000000008001694       0xb0 Core/Src/stm32f1xx_hal_timebase_tim.o
                0x0000000008001694                HAL_InitTick
 .text.NMI_Handler
                0x0000000008001744        0xc Core/Src/stm32f1xx_it.o
                0x0000000008001744                NMI_Handler
 .text.HardFault_Handler
                0x0000000008001750        0x6 Core/Src/stm32f1xx_it.o
                0x0000000008001750                HardFault_Handler
 .text.MemManage_Handler
                0x0000000008001756        0x6 Core/Src/stm32f1xx_it.o
                0x0000000008001756                MemManage_Handler
 .text.BusFault_Handler
                0x000000000800175c        0x6 Core/Src/stm32f1xx_it.o
                0x000000000800175c                BusFault_Handler
 .text.UsageFault_Handler
                0x0000000008001762        0x6 Core/Src/stm32f1xx_it.o
                0x0000000008001762                UsageFault_Handler
 .text.SVC_Handler
                0x0000000008001768        0xc Core/Src/stm32f1xx_it.o
                0x0000000008001768                SVC_Handler
 .text.DebugMon_Handler
                0x0000000008001774        0xc Core/Src/stm32f1xx_it.o
                0x0000000008001774                DebugMon_Handler
 .text.PendSV_Handler
                0x0000000008001780        0xc Core/Src/stm32f1xx_it.o
                0x0000000008001780                PendSV_Handler
 .text.TIM1_TRG_COM_IRQHandler
                0x000000000800178c       0x14 Core/Src/stm32f1xx_it.o
                0x000000000800178c                TIM1_TRG_COM_IRQHandler
 .text.TIM2_IRQHandler
                0x00000000080017a0       0x14 Core/Src/stm32f1xx_it.o
                0x00000000080017a0                TIM2_IRQHandler
 .text.TIM3_IRQHandler
                0x00000000080017b4       0x14 Core/Src/stm32f1xx_it.o
                0x00000000080017b4                TIM3_IRQHandler
 .text.TIM4_IRQHandler
                0x00000000080017c8       0x14 Core/Src/stm32f1xx_it.o
                0x00000000080017c8                TIM4_IRQHandler
 .text.USART1_IRQHandler
                0x00000000080017dc       0x14 Core/Src/stm32f1xx_it.o
                0x00000000080017dc                USART1_IRQHandler
 .text._sbrk    0x00000000080017f0       0x58 Core/Src/sysmem.o
                0x00000000080017f0                _sbrk
 .text.SystemInit
                0x0000000008001848       0x68 Core/Src/system_stm32f1xx.o
                0x0000000008001848                SystemInit
 .text.Reset_Handler
                0x00000000080018b0       0x48 Core/Startup/startup_stm32f103c8tx.o
                0x00000000080018b0                Reset_Handler
 .text.Default_Handler
                0x00000000080018f8        0x2 Core/Startup/startup_stm32f103c8tx.o
                0x00000000080018f8                RTC_Alarm_IRQHandler
                0x00000000080018f8                EXTI2_IRQHandler
                0x00000000080018f8                TIM1_CC_IRQHandler
                0x00000000080018f8                SysTick_Handler
                0x00000000080018f8                PVD_IRQHandler
                0x00000000080018f8                EXTI3_IRQHandler
                0x00000000080018f8                EXTI0_IRQHandler
                0x00000000080018f8                I2C2_EV_IRQHandler
                0x00000000080018f8                ADC1_2_IRQHandler
                0x00000000080018f8                SPI1_IRQHandler
                0x00000000080018f8                TAMPER_IRQHandler
                0x00000000080018f8                DMA1_Channel4_IRQHandler
                0x00000000080018f8                USART3_IRQHandler
                0x00000000080018f8                RTC_IRQHandler
                0x00000000080018f8                DMA1_Channel7_IRQHandler
                0x00000000080018f8                CAN1_RX1_IRQHandler
                0x00000000080018f8                I2C1_EV_IRQHandler
                0x00000000080018f8                DMA1_Channel6_IRQHandler
                0x00000000080018f8                RCC_IRQHandler
                0x00000000080018f8                DMA1_Channel1_IRQHandler
                0x00000000080018f8                Default_Handler
                0x00000000080018f8                EXTI15_10_IRQHandler
                0x00000000080018f8                EXTI9_5_IRQHandler
                0x00000000080018f8                SPI2_IRQHandler
                0x00000000080018f8                DMA1_Channel5_IRQHandler
                0x00000000080018f8                EXTI4_IRQHandler
                0x00000000080018f8                USB_LP_CAN1_RX0_IRQHandler
                0x00000000080018f8                USB_HP_CAN1_TX_IRQHandler
                0x00000000080018f8                DMA1_Channel3_IRQHandler
                0x00000000080018f8                TIM1_UP_IRQHandler
                0x00000000080018f8                WWDG_IRQHandler
                0x00000000080018f8                TIM1_BRK_IRQHandler
                0x00000000080018f8                EXTI1_IRQHandler
                0x00000000080018f8                USART2_IRQHandler
                0x00000000080018f8                I2C2_ER_IRQHandler
                0x00000000080018f8                DMA1_Channel2_IRQHandler
                0x00000000080018f8                CAN1_SCE_IRQHandler
                0x00000000080018f8                FLASH_IRQHandler
                0x00000000080018f8                I2C1_ER_IRQHandler
                0x00000000080018f8                USBWakeUp_IRQHandler
 .text.ADC_Value_1_Write
                0x00000000080018fa       0xd0 Core/UserCode/ADC.o
                0x00000000080018fa                ADC_Value_1_Write
 .text.ADC_Value_2_Write
                0x00000000080019ca       0xac Core/UserCode/ADC.o
                0x00000000080019ca                ADC_Value_2_Write
 .text.Parking_Lot_ADC
                0x0000000008001a76      0x118 Core/UserCode/ADC.o
                0x0000000008001a76                Parking_Lot_ADC
 *fill*         0x0000000008001b8e        0x2 
 .text.Gate_ADC
                0x0000000008001b90       0xa8 Core/UserCode/ADC.o
                0x0000000008001b90                Gate_ADC
 .text.GetButton1State
                0x0000000008001c38       0x60 Core/UserCode/Button.o
                0x0000000008001c38                GetButton1State
 .text.GetButton2State
                0x0000000008001c98       0x60 Core/UserCode/Button.o
                0x0000000008001c98                GetButton2State
 .text.Message_OutPut
                0x0000000008001cf8       0xd8 Core/UserCode/FSM.o
                0x0000000008001cf8                Message_OutPut
 .text.Lift_Control
                0x0000000008001dd0       0x44 Core/UserCode/FSM.o
                0x0000000008001dd0                Lift_Control
 .text.Lift_Control_BT
                0x0000000008001e14       0x44 Core/UserCode/FSM.o
                0x0000000008001e14                Lift_Control_BT
 .text.Gate_Control_BT
                0x0000000008001e58       0x94 Core/UserCode/FSM.o
                0x0000000008001e58                Gate_Control_BT
 .text.Lift_Action
                0x0000000008001eec       0xa4 Core/UserCode/FSM.o
                0x0000000008001eec                Lift_Action
 .text.I2C_TxByte
                0x0000000008001f90       0x34 Core/UserCode/I2C_LCD.o
                0x0000000008001f90                I2C_TxByte
 .text._delay_ms
                0x0000000008001fc4       0x1a Core/UserCode/I2C_LCD.o
                0x0000000008001fc4                _delay_ms
 *fill*         0x0000000008001fde        0x2 
 .text.LCD_pulse_enable
                0x0000000008001fe0       0x4c Core/UserCode/I2C_LCD.o
                0x0000000008001fe0                LCD_pulse_enable
 .text.LCD_WriteCommand
                0x000000000800202c       0x80 Core/UserCode/I2C_LCD.o
                0x000000000800202c                LCD_WriteCommand
 .text.LCD_WriteCommandInit
                0x00000000080020ac       0x54 Core/UserCode/I2C_LCD.o
                0x00000000080020ac                LCD_WriteCommandInit
 .text.LCD_WriteData
                0x0000000008002100       0x80 Core/UserCode/I2C_LCD.o
                0x0000000008002100                LCD_WriteData
 .text.LCD_BackLightOn
                0x0000000008002180       0x28 Core/UserCode/I2C_LCD.o
                0x0000000008002180                LCD_BackLightOn
 .text.LCD_Init
                0x00000000080021a8       0x54 Core/UserCode/I2C_LCD.o
                0x00000000080021a8                LCD_Init
 .text.LCD_write_string
                0x00000000080021fc       0x38 Core/UserCode/I2C_LCD.o
                0x00000000080021fc                LCD_write_string
 .text.LCD_goto_XY
                0x0000000008002234       0x42 Core/UserCode/I2C_LCD.o
                0x0000000008002234                LCD_goto_XY
 *fill*         0x0000000008002276        0x2 
 .text.ParkingLot_Empty_1
                0x0000000008002278       0x28 Core/UserCode/LED.o
                0x0000000008002278                ParkingLot_Empty_1
 .text.ParkingLot_Occ_1
                0x00000000080022a0       0x28 Core/UserCode/LED.o
                0x00000000080022a0                ParkingLot_Occ_1
 .text.ParkingLot_Empty_2
                0x00000000080022c8       0x24 Core/UserCode/LED.o
                0x00000000080022c8                ParkingLot_Empty_2
 .text.ParkingLot_Occ_2
                0x00000000080022ec       0x24 Core/UserCode/LED.o
                0x00000000080022ec                ParkingLot_Occ_2
 .text.ParkingLot_Empty_3
                0x0000000008002310       0x24 Core/UserCode/LED.o
                0x0000000008002310                ParkingLot_Empty_3
 .text.ParkingLot_Occ_3
                0x0000000008002334       0x24 Core/UserCode/LED.o
                0x0000000008002334                ParkingLot_Occ_3
 .text.ParkingLot_Empty_4
                0x0000000008002358       0x24 Core/UserCode/LED.o
                0x0000000008002358                ParkingLot_Empty_4
 .text.ParkingLot_Occ_4
                0x000000000800237c       0x24 Core/UserCode/LED.o
                0x000000000800237c                ParkingLot_Occ_4
 .text.ParkingLot_Empty_5
                0x00000000080023a0       0x24 Core/UserCode/LED.o
                0x00000000080023a0                ParkingLot_Empty_5
 .text.ParkingLot_Occ_5
                0x00000000080023c4       0x24 Core/UserCode/LED.o
                0x00000000080023c4                ParkingLot_Occ_5
 .text.ServoRunEntrance
                0x00000000080023e8       0x88 Core/UserCode/Servo.o
                0x00000000080023e8                ServoRunEntrance
 .text.ServoRunExit
                0x0000000008002470       0x88 Core/UserCode/Servo.o
                0x0000000008002470                ServoRunExit
 .text.ServoStart
                0x00000000080024f8       0x20 Core/UserCode/Servo.o
                0x00000000080024f8                ServoStart
 .text.StepMotorStop
                0x0000000008002518       0x3c Core/UserCode/Step_Motor.o
                0x0000000008002518                StepMotorStop
 .text.StepMotorCW
                0x0000000008002554       0xfc Core/UserCode/Step_Motor.o
                0x0000000008002554                StepMotorCW
 .text.StepMotorCCW
                0x0000000008002650       0xfc Core/UserCode/Step_Motor.o
                0x0000000008002650                StepMotorCCW
 .text.HAL_Init
                0x000000000800274c       0x2c Drivers/STM32F1xx_HAL_Driver/Src/stm32f1xx_hal.o
                0x000000000800274c                HAL_Init
 .text.HAL_IncTick
                0x0000000008002778       0x24 Drivers/STM32F1xx_HAL_Driver/Src/stm32f1xx_hal.o
                0x0000000008002778                HAL_IncTick
 .text.HAL_GetTick
                0x000000000800279c       0x14 Drivers/STM32F1xx_HAL_Driver/Src/stm32f1xx_hal.o
                0x000000000800279c                HAL_GetTick
 .text.HAL_Delay
                0x00000000080027b0       0x44 Drivers/STM32F1xx_HAL_Driver/Src/stm32f1xx_hal.o
                0x00000000080027b0                HAL_Delay
 .text.HAL_ADC_Init
                0x00000000080027f4      0x1b0 Drivers/STM32F1xx_HAL_Driver/Src/stm32f1xx_hal_adc.o
                0x00000000080027f4                HAL_ADC_Init
 .text.HAL_ADC_Start
                0x00000000080029a4      0x15c Drivers/STM32F1xx_HAL_Driver/Src/stm32f1xx_hal_adc.o
                0x00000000080029a4                HAL_ADC_Start
 .text.HAL_ADC_Stop
                0x0000000008002b00       0x58 Drivers/STM32F1xx_HAL_Driver/Src/stm32f1xx_hal_adc.o
                0x0000000008002b00                HAL_ADC_Stop
 .text.HAL_ADC_PollForConversion
                0x0000000008002b58      0x1f4 Drivers/STM32F1xx_HAL_Driver/Src/stm32f1xx_hal_adc.o
                0x0000000008002b58                HAL_ADC_PollForConversion
 .text.HAL_ADC_GetValue
                0x0000000008002d4c       0x18 Drivers/STM32F1xx_HAL_Driver/Src/stm32f1xx_hal_adc.o
                0x0000000008002d4c                HAL_ADC_GetValue
 .text.HAL_ADC_ConfigChannel
                0x0000000008002d64      0x1f0 Drivers/STM32F1xx_HAL_Driver/Src/stm32f1xx_hal_adc.o
                0x0000000008002d64                HAL_ADC_ConfigChannel
 .text.ADC_Enable
                0x0000000008002f54       0xa4 Drivers/STM32F1xx_HAL_Driver/Src/stm32f1xx_hal_adc.o
                0x0000000008002f54                ADC_Enable
 .text.ADC_ConversionStop_Disable
                0x0000000008002ff8       0x74 Drivers/STM32F1xx_HAL_Driver/Src/stm32f1xx_hal_adc.o
                0x0000000008002ff8                ADC_ConversionStop_Disable
 .text.__NVIC_SetPriorityGrouping
                0x000000000800306c       0x48 Drivers/STM32F1xx_HAL_Driver/Src/stm32f1xx_hal_cortex.o
 .text.__NVIC_GetPriorityGrouping
                0x00000000080030b4       0x1c Drivers/STM32F1xx_HAL_Driver/Src/stm32f1xx_hal_cortex.o
 .text.__NVIC_EnableIRQ
                0x00000000080030d0       0x38 Drivers/STM32F1xx_HAL_Driver/Src/stm32f1xx_hal_cortex.o
 .text.__NVIC_SetPriority
                0x0000000008003108       0x54 Drivers/STM32F1xx_HAL_Driver/Src/stm32f1xx_hal_cortex.o
 .text.NVIC_EncodePriority
                0x000000000800315c       0x64 Drivers/STM32F1xx_HAL_Driver/Src/stm32f1xx_hal_cortex.o
 .text.HAL_NVIC_SetPriorityGrouping
                0x00000000080031c0       0x16 Drivers/STM32F1xx_HAL_Driver/Src/stm32f1xx_hal_cortex.o
                0x00000000080031c0                HAL_NVIC_SetPriorityGrouping
 .text.HAL_NVIC_SetPriority
                0x00000000080031d6       0x38 Drivers/STM32F1xx_HAL_Driver/Src/stm32f1xx_hal_cortex.o
                0x00000000080031d6                HAL_NVIC_SetPriority
 .text.HAL_NVIC_EnableIRQ
                0x000000000800320e       0x1c Drivers/STM32F1xx_HAL_Driver/Src/stm32f1xx_hal_cortex.o
                0x000000000800320e                HAL_NVIC_EnableIRQ
 *fill*         0x000000000800322a        0x2 
 .text.HAL_DMA_Abort_IT
                0x000000000800322c       0xec Drivers/STM32F1xx_HAL_Driver/Src/stm32f1xx_hal_dma.o
                0x000000000800322c                HAL_DMA_Abort_IT
 .text.HAL_GPIO_Init
                0x0000000008003318      0x2b4 Drivers/STM32F1xx_HAL_Driver/Src/stm32f1xx_hal_gpio.o
                0x0000000008003318                HAL_GPIO_Init
 .text.HAL_GPIO_ReadPin
                0x00000000080035cc       0x2e Drivers/STM32F1xx_HAL_Driver/Src/stm32f1xx_hal_gpio.o
                0x00000000080035cc                HAL_GPIO_ReadPin
 .text.HAL_GPIO_WritePin
                0x00000000080035fa       0x30 Drivers/STM32F1xx_HAL_Driver/Src/stm32f1xx_hal_gpio.o
                0x00000000080035fa                HAL_GPIO_WritePin
 .text.HAL_GPIO_TogglePin
                0x000000000800362a       0x30 Drivers/STM32F1xx_HAL_Driver/Src/stm32f1xx_hal_gpio.o
                0x000000000800362a                HAL_GPIO_TogglePin
 *fill*         0x000000000800365a        0x2 
 .text.HAL_I2C_Init
                0x000000000800365c      0x250 Drivers/STM32F1xx_HAL_Driver/Src/stm32f1xx_hal_i2c.o
                0x000000000800365c                HAL_I2C_Init
 .text.HAL_I2C_Master_Transmit
                0x00000000080038ac      0x1fc Drivers/STM32F1xx_HAL_Driver/Src/stm32f1xx_hal_i2c.o
                0x00000000080038ac                HAL_I2C_Master_Transmit
 .text.I2C_MasterRequestWrite
                0x0000000008003aa8       0xec Drivers/STM32F1xx_HAL_Driver/Src/stm32f1xx_hal_i2c.o
 .text.I2C_WaitOnFlagUntilTimeout
                0x0000000008003b94       0xae Drivers/STM32F1xx_HAL_Driver/Src/stm32f1xx_hal_i2c.o
 .text.I2C_WaitOnMasterAddressFlagUntilTimeout
                0x0000000008003c42       0xfe Drivers/STM32F1xx_HAL_Driver/Src/stm32f1xx_hal_i2c.o
 .text.I2C_WaitOnTXEFlagUntilTimeout
                0x0000000008003d40       0x82 Drivers/STM32F1xx_HAL_Driver/Src/stm32f1xx_hal_i2c.o
 .text.I2C_WaitOnBTFFlagUntilTimeout
                0x0000000008003dc2       0x82 Drivers/STM32F1xx_HAL_Driver/Src/stm32f1xx_hal_i2c.o
 .text.I2C_IsAcknowledgeFailed
                0x0000000008003e44       0x5c Drivers/STM32F1xx_HAL_Driver/Src/stm32f1xx_hal_i2c.o
 .text.HAL_RCC_OscConfig
                0x0000000008003ea0      0x500 Drivers/STM32F1xx_HAL_Driver/Src/stm32f1xx_hal_rcc.o
                0x0000000008003ea0                HAL_RCC_OscConfig
 .text.HAL_RCC_ClockConfig
                0x00000000080043a0      0x1d4 Drivers/STM32F1xx_HAL_Driver/Src/stm32f1xx_hal_rcc.o
                0x00000000080043a0                HAL_RCC_ClockConfig
 .text.HAL_RCC_GetSysClockFreq
                0x0000000008004574       0xc4 Drivers/STM32F1xx_HAL_Driver/Src/stm32f1xx_hal_rcc.o
                0x0000000008004574                HAL_RCC_GetSysClockFreq
 .text.HAL_RCC_GetHCLKFreq
                0x0000000008004638       0x14 Drivers/STM32F1xx_HAL_Driver/Src/stm32f1xx_hal_rcc.o
                0x0000000008004638                HAL_RCC_GetHCLKFreq
 .text.HAL_RCC_GetPCLK1Freq
                0x000000000800464c       0x28 Drivers/STM32F1xx_HAL_Driver/Src/stm32f1xx_hal_rcc.o
                0x000000000800464c                HAL_RCC_GetPCLK1Freq
 .text.HAL_RCC_GetPCLK2Freq
                0x0000000008004674       0x28 Drivers/STM32F1xx_HAL_Driver/Src/stm32f1xx_hal_rcc.o
                0x0000000008004674                HAL_RCC_GetPCLK2Freq
 .text.HAL_RCC_GetClockConfig
                0x000000000800469c       0x60 Drivers/STM32F1xx_HAL_Driver/Src/stm32f1xx_hal_rcc.o
                0x000000000800469c                HAL_RCC_GetClockConfig
 .text.RCC_Delay
                0x00000000080046fc       0x3c Drivers/STM32F1xx_HAL_Driver/Src/stm32f1xx_hal_rcc.o
 .text.HAL_RCCEx_PeriphCLKConfig
                0x0000000008004738      0x16c Drivers/STM32F1xx_HAL_Driver/Src/stm32f1xx_hal_rcc_ex.o
                0x0000000008004738                HAL_RCCEx_PeriphCLKConfig
 .text.HAL_RCCEx_GetPeriphCLKFreq
                0x00000000080048a4      0x178 Drivers/STM32F1xx_HAL_Driver/Src/stm32f1xx_hal_rcc_ex.o
                0x00000000080048a4                HAL_RCCEx_GetPeriphCLKFreq
 .text.HAL_TIM_Base_Init
                0x0000000008004a1c       0x56 Drivers/STM32F1xx_HAL_Driver/Src/stm32f1xx_hal_tim.o
                0x0000000008004a1c                HAL_TIM_Base_Init
 .text.HAL_TIM_Base_Start_IT
                0x0000000008004a72       0x46 Drivers/STM32F1xx_HAL_Driver/Src/stm32f1xx_hal_tim.o
                0x0000000008004a72                HAL_TIM_Base_Start_IT
 .text.HAL_TIM_PWM_Init
                0x0000000008004ab8       0x56 Drivers/STM32F1xx_HAL_Driver/Src/stm32f1xx_hal_tim.o
                0x0000000008004ab8                HAL_TIM_PWM_Init
 *fill*         0x0000000008004b0e        0x2 
 .text.HAL_TIM_PWM_Start
                0x0000000008004b10       0x64 Drivers/STM32F1xx_HAL_Driver/Src/stm32f1xx_hal_tim.o
                0x0000000008004b10                HAL_TIM_PWM_Start
 .text.HAL_TIM_IRQHandler
                0x0000000008004b74      0x210 Drivers/STM32F1xx_HAL_Driver/Src/stm32f1xx_hal_tim.o
                0x0000000008004b74                HAL_TIM_IRQHandler
 .text.HAL_TIM_PWM_ConfigChannel
                0x0000000008004d84      0x18c Drivers/STM32F1xx_HAL_Driver/Src/stm32f1xx_hal_tim.o
                0x0000000008004d84                HAL_TIM_PWM_ConfigChannel
 .text.HAL_TIM_ConfigClockSource
                0x0000000008004f10      0x16e Drivers/STM32F1xx_HAL_Driver/Src/stm32f1xx_hal_tim.o
                0x0000000008004f10                HAL_TIM_ConfigClockSource
 .text.HAL_TIM_OC_DelayElapsedCallback
                0x000000000800507e       0x12 Drivers/STM32F1xx_HAL_Driver/Src/stm32f1xx_hal_tim.o
                0x000000000800507e                HAL_TIM_OC_DelayElapsedCallback
 .text.HAL_TIM_IC_CaptureCallback
                0x0000000008005090       0x12 Drivers/STM32F1xx_HAL_Driver/Src/stm32f1xx_hal_tim.o
                0x0000000008005090                HAL_TIM_IC_CaptureCallback
 .text.HAL_TIM_PWM_PulseFinishedCallback
                0x00000000080050a2       0x12 Drivers/STM32F1xx_HAL_Driver/Src/stm32f1xx_hal_tim.o
                0x00000000080050a2                HAL_TIM_PWM_PulseFinishedCallback
 .text.HAL_TIM_TriggerCallback
                0x00000000080050b4       0x12 Drivers/STM32F1xx_HAL_Driver/Src/stm32f1xx_hal_tim.o
                0x00000000080050b4                HAL_TIM_TriggerCallback
 *fill*         0x00000000080050c6        0x2 
 .text.TIM_Base_SetConfig
                0x00000000080050c8       0xc4 Drivers/STM32F1xx_HAL_Driver/Src/stm32f1xx_hal_tim.o
                0x00000000080050c8                TIM_Base_SetConfig
 .text.TIM_OC1_SetConfig
                0x000000000800518c       0xcc Drivers/STM32F1xx_HAL_Driver/Src/stm32f1xx_hal_tim.o
 .text.TIM_OC2_SetConfig
                0x0000000008005258       0xd4 Drivers/STM32F1xx_HAL_Driver/Src/stm32f1xx_hal_tim.o
                0x0000000008005258                TIM_OC2_SetConfig
 .text.TIM_OC3_SetConfig
                0x000000000800532c       0xd4 Drivers/STM32F1xx_HAL_Driver/Src/stm32f1xx_hal_tim.o
 .text.TIM_OC4_SetConfig
                0x0000000008005400       0x9c Drivers/STM32F1xx_HAL_Driver/Src/stm32f1xx_hal_tim.o
 .text.TIM_TI1_ConfigInputStage
                0x000000000800549c       0x5c Drivers/STM32F1xx_HAL_Driver/Src/stm32f1xx_hal_tim.o
 .text.TIM_TI2_ConfigInputStage
                0x00000000080054f8       0x5e Drivers/STM32F1xx_HAL_Driver/Src/stm32f1xx_hal_tim.o
 .text.TIM_ITRx_SetConfig
                0x0000000008005556       0x34 Drivers/STM32F1xx_HAL_Driver/Src/stm32f1xx_hal_tim.o
 .text.TIM_ETR_SetConfig
                0x000000000800558a       0x3e Drivers/STM32F1xx_HAL_Driver/Src/stm32f1xx_hal_tim.o
                0x000000000800558a                TIM_ETR_SetConfig
 .text.TIM_CCxChannelCmd
                0x00000000080055c8       0x48 Drivers/STM32F1xx_HAL_Driver/Src/stm32f1xx_hal_tim.o
                0x00000000080055c8                TIM_CCxChannelCmd
 .text.HAL_TIMEx_MasterConfigSynchronization
                0x0000000008005610       0x88 Drivers/STM32F1xx_HAL_Driver/Src/stm32f1xx_hal_tim_ex.o
                0x0000000008005610                HAL_TIMEx_MasterConfigSynchronization
 .text.HAL_TIMEx_ConfigBreakDeadTime
                0x0000000008005698       0xa2 Drivers/STM32F1xx_HAL_Driver/Src/stm32f1xx_hal_tim_ex.o
                0x0000000008005698                HAL_TIMEx_ConfigBreakDeadTime
 .text.HAL_TIMEx_CommutCallback
                0x000000000800573a       0x12 Drivers/STM32F1xx_HAL_Driver/Src/stm32f1xx_hal_tim_ex.o
                0x000000000800573a                HAL_TIMEx_CommutCallback
 .text.HAL_TIMEx_BreakCallback
                0x000000000800574c       0x12 Drivers/STM32F1xx_HAL_Driver/Src/stm32f1xx_hal_tim_ex.o
                0x000000000800574c                HAL_TIMEx_BreakCallback
 .text.HAL_UART_Init
                0x000000000800575e       0x9a Drivers/STM32F1xx_HAL_Driver/Src/stm32f1xx_hal_uart.o
                0x000000000800575e                HAL_UART_Init
 .text.HAL_UART_Transmit
                0x00000000080057f8      0x132 Drivers/STM32F1xx_HAL_Driver/Src/stm32f1xx_hal_uart.o
                0x00000000080057f8                HAL_UART_Transmit
 .text.HAL_UART_Receive_IT
                0x000000000800592a       0xa8 Drivers/STM32F1xx_HAL_Driver/Src/stm32f1xx_hal_uart.o
                0x000000000800592a                HAL_UART_Receive_IT
 *fill*         0x00000000080059d2        0x2 
 .text.HAL_UART_IRQHandler
                0x00000000080059d4      0x1f8 Drivers/STM32F1xx_HAL_Driver/Src/stm32f1xx_hal_uart.o
                0x00000000080059d4                HAL_UART_IRQHandler
 .text.HAL_UART_TxCpltCallback
                0x0000000008005bcc       0x12 Drivers/STM32F1xx_HAL_Driver/Src/stm32f1xx_hal_uart.o
                0x0000000008005bcc                HAL_UART_TxCpltCallback
 .text.HAL_UART_ErrorCallback
                0x0000000008005bde       0x12 Drivers/STM32F1xx_HAL_Driver/Src/stm32f1xx_hal_uart.o
                0x0000000008005bde                HAL_UART_ErrorCallback
 .text.UART_WaitOnFlagUntilTimeout
                0x0000000008005bf0       0x94 Drivers/STM32F1xx_HAL_Driver/Src/stm32f1xx_hal_uart.o
 .text.UART_EndRxTransfer
                0x0000000008005c84       0x3a Drivers/STM32F1xx_HAL_Driver/Src/stm32f1xx_hal_uart.o
 .text.UART_DMAAbortOnError
                0x0000000008005cbe       0x28 Drivers/STM32F1xx_HAL_Driver/Src/stm32f1xx_hal_uart.o
 .text.UART_Transmit_IT
                0x0000000008005ce6       0xaa Drivers/STM32F1xx_HAL_Driver/Src/stm32f1xx_hal_uart.o
 .text.UART_EndTransmit_IT
                0x0000000008005d90       0x30 Drivers/STM32F1xx_HAL_Driver/Src/stm32f1xx_hal_uart.o
 .text.UART_Receive_IT
                0x0000000008005dc0      0x102 Drivers/STM32F1xx_HAL_Driver/Src/stm32f1xx_hal_uart.o
 *fill*         0x0000000008005ec2        0x2 
 .text.UART_SetConfig
                0x0000000008005ec4      0x1b4 Drivers/STM32F1xx_HAL_Driver/Src/stm32f1xx_hal_uart.o
 .text.__errno  0x0000000008006078        0xc c:/st/stm32cubeide_1.0.2/stm32cubeide/plugins/com.st.stm32cube.ide.mcu.externaltools.gnu-tools-for-stm32.7-2018-q2-update.win32_1.0.0.201904181610/tools/bin/../lib/gcc/arm-none-eabi/7.3.1/../../../../arm-none-eabi/lib/thumb/v7-m\libc_nano.a(lib_a-errno.o)
                0x0000000008006078                __errno
 .text.__libc_init_array
                0x0000000008006084       0x48 c:/st/stm32cubeide_1.0.2/stm32cubeide/plugins/com.st.stm32cube.ide.mcu.externaltools.gnu-tools-for-stm32.7-2018-q2-update.win32_1.0.0.201904181610/tools/bin/../lib/gcc/arm-none-eabi/7.3.1/../../../../arm-none-eabi/lib/thumb/v7-m\libc_nano.a(lib_a-init.o)
                0x0000000008006084                __libc_init_array
 .text.memset   0x00000000080060cc       0x10 c:/st/stm32cubeide_1.0.2/stm32cubeide/plugins/com.st.stm32cube.ide.mcu.externaltools.gnu-tools-for-stm32.7-2018-q2-update.win32_1.0.0.201904181610/tools/bin/../lib/gcc/arm-none-eabi/7.3.1/../../../../arm-none-eabi/lib/thumb/v7-m\libc_nano.a(lib_a-memset.o)
                0x00000000080060cc                memset
 .text.sprintf  0x00000000080060dc       0x40 c:/st/stm32cubeide_1.0.2/stm32cubeide/plugins/com.st.stm32cube.ide.mcu.externaltools.gnu-tools-for-stm32.7-2018-q2-update.win32_1.0.0.201904181610/tools/bin/../lib/gcc/arm-none-eabi/7.3.1/../../../../arm-none-eabi/lib/thumb/v7-m\libc_nano.a(lib_a-sprintf.o)
                0x00000000080060dc                siprintf
                0x00000000080060dc                sprintf
 .text._malloc_r
                0x000000000800611c       0xb4 c:/st/stm32cubeide_1.0.2/stm32cubeide/plugins/com.st.stm32cube.ide.mcu.externaltools.gnu-tools-for-stm32.7-2018-q2-update.win32_1.0.0.201904181610/tools/bin/../lib/gcc/arm-none-eabi/7.3.1/../../../../arm-none-eabi/lib/thumb/v7-m\libc_nano.a(lib_a-nano-mallocr.o)
                0x000000000800611c                _malloc_r
 .text.__ssputs_r
                0x00000000080061d0       0xb4 c:/st/stm32cubeide_1.0.2/stm32cubeide/plugins/com.st.stm32cube.ide.mcu.externaltools.gnu-tools-for-stm32.7-2018-q2-update.win32_1.0.0.201904181610/tools/bin/../lib/gcc/arm-none-eabi/7.3.1/../../../../arm-none-eabi/lib/thumb/v7-m\libc_nano.a(lib_a-nano-svfprintf.o)
                0x00000000080061d0                __ssputs_r
 .text._svfprintf_r
                0x0000000008006284      0x1f0 c:/st/stm32cubeide_1.0.2/stm32cubeide/plugins/com.st.stm32cube.ide.mcu.externaltools.gnu-tools-for-stm32.7-2018-q2-update.win32_1.0.0.201904181610/tools/bin/../lib/gcc/arm-none-eabi/7.3.1/../../../../arm-none-eabi/lib/thumb/v7-m\libc_nano.a(lib_a-nano-svfprintf.o)
                0x0000000008006284                _svfiprintf_r
                0x0000000008006284                _svfprintf_r
 .text._printf_common
                0x0000000008006474       0xec c:/st/stm32cubeide_1.0.2/stm32cubeide/plugins/com.st.stm32cube.ide.mcu.externaltools.gnu-tools-for-stm32.7-2018-q2-update.win32_1.0.0.201904181610/tools/bin/../lib/gcc/arm-none-eabi/7.3.1/../../../../arm-none-eabi/lib/thumb/v7-m\libc_nano.a(lib_a-nano-vfprintf_i.o)
                0x0000000008006474                _printf_common
 .text._printf_i
                0x0000000008006560      0x224 c:/st/stm32cubeide_1.0.2/stm32cubeide/plugins/com.st.stm32cube.ide.mcu.externaltools.gnu-tools-for-stm32.7-2018-q2-update.win32_1.0.0.201904181610/tools/bin/../lib/gcc/arm-none-eabi/7.3.1/../../../../arm-none-eabi/lib/thumb/v7-m\libc_nano.a(lib_a-nano-vfprintf_i.o)
                0x0000000008006560                _printf_i
 .text._sbrk_r  0x0000000008006784       0x20 c:/st/stm32cubeide_1.0.2/stm32cubeide/plugins/com.st.stm32cube.ide.mcu.externaltools.gnu-tools-for-stm32.7-2018-q2-update.win32_1.0.0.201904181610/tools/bin/../lib/gcc/arm-none-eabi/7.3.1/../../../../arm-none-eabi/lib/thumb/v7-m\libc_nano.a(lib_a-sbrkr.o)
                0x0000000008006784                _sbrk_r
 .text.memchr   0x00000000080067a4       0x1c c:/st/stm32cubeide_1.0.2/stm32cubeide/plugins/com.st.stm32cube.ide.mcu.externaltools.gnu-tools-for-stm32.7-2018-q2-update.win32_1.0.0.201904181610/tools/bin/../lib/gcc/arm-none-eabi/7.3.1/../../../../arm-none-eabi/lib/thumb/v7-m\libc_nano.a(lib_a-memchr-stub.o)
                0x00000000080067a4                memchr
 .text.memcpy   0x00000000080067c0       0x16 c:/st/stm32cubeide_1.0.2/stm32cubeide/plugins/com.st.stm32cube.ide.mcu.externaltools.gnu-tools-for-stm32.7-2018-q2-update.win32_1.0.0.201904181610/tools/bin/../lib/gcc/arm-none-eabi/7.3.1/../../../../arm-none-eabi/lib/thumb/v7-m\libc_nano.a(lib_a-memcpy-stub.o)
                0x00000000080067c0                memcpy
 .text.memmove  0x00000000080067d6       0x32 c:/st/stm32cubeide_1.0.2/stm32cubeide/plugins/com.st.stm32cube.ide.mcu.externaltools.gnu-tools-for-stm32.7-2018-q2-update.win32_1.0.0.201904181610/tools/bin/../lib/gcc/arm-none-eabi/7.3.1/../../../../arm-none-eabi/lib/thumb/v7-m\libc_nano.a(lib_a-memmove.o)
                0x00000000080067d6                memmove
 .text.__malloc_lock
                0x0000000008006808        0x2 c:/st/stm32cubeide_1.0.2/stm32cubeide/plugins/com.st.stm32cube.ide.mcu.externaltools.gnu-tools-for-stm32.7-2018-q2-update.win32_1.0.0.201904181610/tools/bin/../lib/gcc/arm-none-eabi/7.3.1/../../../../arm-none-eabi/lib/thumb/v7-m\libc_nano.a(lib_a-mlock.o)
                0x0000000008006808                __malloc_lock
 .text.__malloc_unlock
                0x000000000800680a        0x2 c:/st/stm32cubeide_1.0.2/stm32cubeide/plugins/com.st.stm32cube.ide.mcu.externaltools.gnu-tools-for-stm32.7-2018-q2-update.win32_1.0.0.201904181610/tools/bin/../lib/gcc/arm-none-eabi/7.3.1/../../../../arm-none-eabi/lib/thumb/v7-m\libc_nano.a(lib_a-mlock.o)
                0x000000000800680a                __malloc_unlock
 .text._free_r  0x000000000800680c       0x98 c:/st/stm32cubeide_1.0.2/stm32cubeide/plugins/com.st.stm32cube.ide.mcu.externaltools.gnu-tools-for-stm32.7-2018-q2-update.win32_1.0.0.201904181610/tools/bin/../lib/gcc/arm-none-eabi/7.3.1/../../../../arm-none-eabi/lib/thumb/v7-m\libc_nano.a(lib_a-nano-freer.o)
                0x000000000800680c                _free_r
 .text._realloc_r
                0x00000000080068a4       0x4c c:/st/stm32cubeide_1.0.2/stm32cubeide/plugins/com.st.stm32cube.ide.mcu.externaltools.gnu-tools-for-stm32.7-2018-q2-update.win32_1.0.0.201904181610/tools/bin/../lib/gcc/arm-none-eabi/7.3.1/../../../../arm-none-eabi/lib/thumb/v7-m\libc_nano.a(lib_a-nano-reallocr.o)
                0x00000000080068a4                _realloc_r
 .text._malloc_usable_size_r
                0x00000000080068f0       0x10 c:/st/stm32cubeide_1.0.2/stm32cubeide/plugins/com.st.stm32cube.ide.mcu.externaltools.gnu-tools-for-stm32.7-2018-q2-update.win32_1.0.0.201904181610/tools/bin/../lib/gcc/arm-none-eabi/7.3.1/../../../../arm-none-eabi/lib/thumb/v7-m\libc_nano.a(lib_a-nano-msizer.o)
                0x00000000080068f0                _malloc_usable_size_r
 *(.glue_7)
 .glue_7        0x0000000008006900        0x0 linker stubs
 *(.glue_7t)
 .glue_7t       0x0000000008006900        0x0 linker stubs
 *(.eh_frame)
 .eh_frame      0x0000000008006900        0x0 c:/st/stm32cubeide_1.0.2/stm32cubeide/plugins/com.st.stm32cube.ide.mcu.externaltools.gnu-tools-for-stm32.7-2018-q2-update.win32_1.0.0.201904181610/tools/bin/../lib/gcc/arm-none-eabi/7.3.1/thumb/v7-m/crtbegin.o
 *(.init)
 .init          0x0000000008006900        0x4 c:/st/stm32cubeide_1.0.2/stm32cubeide/plugins/com.st.stm32cube.ide.mcu.externaltools.gnu-tools-for-stm32.7-2018-q2-update.win32_1.0.0.201904181610/tools/bin/../lib/gcc/arm-none-eabi/7.3.1/thumb/v7-m/crti.o
                0x0000000008006900                _init
 .init          0x0000000008006904        0x8 c:/st/stm32cubeide_1.0.2/stm32cubeide/plugins/com.st.stm32cube.ide.mcu.externaltools.gnu-tools-for-stm32.7-2018-q2-update.win32_1.0.0.201904181610/tools/bin/../lib/gcc/arm-none-eabi/7.3.1/thumb/v7-m/crtn.o
 *(.fini)
 .fini          0x000000000800690c        0x4 c:/st/stm32cubeide_1.0.2/stm32cubeide/plugins/com.st.stm32cube.ide.mcu.externaltools.gnu-tools-for-stm32.7-2018-q2-update.win32_1.0.0.201904181610/tools/bin/../lib/gcc/arm-none-eabi/7.3.1/thumb/v7-m/crti.o
                0x000000000800690c                _fini
 .fini          0x0000000008006910        0x8 c:/st/stm32cubeide_1.0.2/stm32cubeide/plugins/com.st.stm32cube.ide.mcu.externaltools.gnu-tools-for-stm32.7-2018-q2-update.win32_1.0.0.201904181610/tools/bin/../lib/gcc/arm-none-eabi/7.3.1/thumb/v7-m/crtn.o
                0x0000000008006918                . = ALIGN (0x4)
                0x0000000008006918                _etext = .

.vfp11_veneer   0x0000000008006918        0x0
 .vfp11_veneer  0x0000000008006918        0x0 linker stubs

.v4_bx          0x0000000008006918        0x0
 .v4_bx         0x0000000008006918        0x0 linker stubs

.iplt           0x0000000008006918        0x0
 .iplt          0x0000000008006918        0x0 c:/st/stm32cubeide_1.0.2/stm32cubeide/plugins/com.st.stm32cube.ide.mcu.externaltools.gnu-tools-for-stm32.7-2018-q2-update.win32_1.0.0.201904181610/tools/bin/../lib/gcc/arm-none-eabi/7.3.1/thumb/v7-m/crtbegin.o

.rodata         0x0000000008006918      0x148
                0x0000000008006918                . = ALIGN (0x4)
 *(.rodata)
 .rodata        0x0000000008006918       0x37 Core/Src/main.o
 *fill*         0x000000000800694f        0x1 
 .rodata        0x0000000008006950       0x39 Core/UserCode/FSM.o
 *fill*         0x0000000008006989        0x3 
 .rodata        0x000000000800698c       0x12 Drivers/STM32F1xx_HAL_Driver/Src/stm32f1xx_hal_rcc.o
 *fill*         0x000000000800699e        0x2 
 .rodata        0x00000000080069a0       0x12 Drivers/STM32F1xx_HAL_Driver/Src/stm32f1xx_hal_rcc_ex.o
 *(.rodata*)
 *fill*         0x00000000080069b2        0x2 
 .rodata.AHBPrescTable
                0x00000000080069b4       0x10 Core/Src/system_stm32f1xx.o
                0x00000000080069b4                AHBPrescTable
 .rodata.APBPrescTable
                0x00000000080069c4        0x8 Core/Src/system_stm32f1xx.o
                0x00000000080069c4                APBPrescTable
 .rodata.__sf_fake_stderr
                0x00000000080069cc       0x20 c:/st/stm32cubeide_1.0.2/stm32cubeide/plugins/com.st.stm32cube.ide.mcu.externaltools.gnu-tools-for-stm32.7-2018-q2-update.win32_1.0.0.201904181610/tools/bin/../lib/gcc/arm-none-eabi/7.3.1/../../../../arm-none-eabi/lib/thumb/v7-m\libc_nano.a(lib_a-findfp.o)
                0x00000000080069cc                __sf_fake_stderr
 .rodata.__sf_fake_stdin
                0x00000000080069ec       0x20 c:/st/stm32cubeide_1.0.2/stm32cubeide/plugins/com.st.stm32cube.ide.mcu.externaltools.gnu-tools-for-stm32.7-2018-q2-update.win32_1.0.0.201904181610/tools/bin/../lib/gcc/arm-none-eabi/7.3.1/../../../../arm-none-eabi/lib/thumb/v7-m\libc_nano.a(lib_a-findfp.o)
                0x00000000080069ec                __sf_fake_stdin
 .rodata.__sf_fake_stdout
                0x0000000008006a0c       0x20 c:/st/stm32cubeide_1.0.2/stm32cubeide/plugins/com.st.stm32cube.ide.mcu.externaltools.gnu-tools-for-stm32.7-2018-q2-update.win32_1.0.0.201904181610/tools/bin/../lib/gcc/arm-none-eabi/7.3.1/../../../../arm-none-eabi/lib/thumb/v7-m\libc_nano.a(lib_a-findfp.o)
                0x0000000008006a0c                __sf_fake_stdout
 .rodata._svfprintf_r.str1.1
                0x0000000008006a2c       0x11 c:/st/stm32cubeide_1.0.2/stm32cubeide/plugins/com.st.stm32cube.ide.mcu.externaltools.gnu-tools-for-stm32.7-2018-q2-update.win32_1.0.0.201904181610/tools/bin/../lib/gcc/arm-none-eabi/7.3.1/../../../../arm-none-eabi/lib/thumb/v7-m\libc_nano.a(lib_a-nano-svfprintf.o)
 .rodata._printf_i.str1.1
                0x0000000008006a3d       0x22 c:/st/stm32cubeide_1.0.2/stm32cubeide/plugins/com.st.stm32cube.ide.mcu.externaltools.gnu-tools-for-stm32.7-2018-q2-update.win32_1.0.0.201904181610/tools/bin/../lib/gcc/arm-none-eabi/7.3.1/../../../../arm-none-eabi/lib/thumb/v7-m\libc_nano.a(lib_a-nano-vfprintf_i.o)
                0x0000000008006a60                . = ALIGN (0x4)
 *fill*         0x0000000008006a5f        0x1 

.rel.dyn        0x0000000008006a60        0x0
 .rel.iplt      0x0000000008006a60        0x0 c:/st/stm32cubeide_1.0.2/stm32cubeide/plugins/com.st.stm32cube.ide.mcu.externaltools.gnu-tools-for-stm32.7-2018-q2-update.win32_1.0.0.201904181610/tools/bin/../lib/gcc/arm-none-eabi/7.3.1/thumb/v7-m/crtbegin.o

.ARM.extab      0x0000000008006a60        0x0
                0x0000000008006a60                . = ALIGN (0x4)
 *(.ARM.extab* .gnu.linkonce.armextab.*)
                0x0000000008006a60                . = ALIGN (0x4)

.ARM            0x0000000008006a60        0x0
                0x0000000008006a60                . = ALIGN (0x4)
                0x0000000008006a60                __exidx_start = .
 *(.ARM.exidx*)
                0x0000000008006a60                __exidx_end = .
                0x0000000008006a60                . = ALIGN (0x4)

.preinit_array  0x0000000008006a60        0x0
                0x0000000008006a60                . = ALIGN (0x4)
                0x0000000008006a60                PROVIDE (__preinit_array_start = .)
 *(.preinit_array*)
                0x0000000008006a60                PROVIDE (__preinit_array_end = .)
                0x0000000008006a60                . = ALIGN (0x4)

.init_array     0x0000000008006a60        0x4
                0x0000000008006a60                . = ALIGN (0x4)
                0x0000000008006a60                PROVIDE (__init_array_start = .)
 *(SORT_BY_NAME(.init_array.*))
 *(.init_array*)
 .init_array    0x0000000008006a60        0x4 c:/st/stm32cubeide_1.0.2/stm32cubeide/plugins/com.st.stm32cube.ide.mcu.externaltools.gnu-tools-for-stm32.7-2018-q2-update.win32_1.0.0.201904181610/tools/bin/../lib/gcc/arm-none-eabi/7.3.1/thumb/v7-m/crtbegin.o
                0x0000000008006a64                PROVIDE (__init_array_end = .)
                0x0000000008006a64                . = ALIGN (0x4)

.fini_array     0x0000000008006a64        0x4
                0x0000000008006a64                . = ALIGN (0x4)
                [!provide]                        PROVIDE (__fini_array_start = .)
 *(SORT_BY_NAME(.fini_array.*))
 *(.fini_array*)
 .fini_array    0x0000000008006a64        0x4 c:/st/stm32cubeide_1.0.2/stm32cubeide/plugins/com.st.stm32cube.ide.mcu.externaltools.gnu-tools-for-stm32.7-2018-q2-update.win32_1.0.0.201904181610/tools/bin/../lib/gcc/arm-none-eabi/7.3.1/thumb/v7-m/crtbegin.o
                [!provide]                        PROVIDE (__fini_array_end = .)
                0x0000000008006a68                . = ALIGN (0x4)
                0x0000000008006a68                _sidata = LOADADDR (.data)

.data           0x0000000020000000       0x74 load address 0x0000000008006a68
                0x0000000020000000                . = ALIGN (0x4)
                0x0000000020000000                _sdata = .
 *(.data)
 *(.data*)
 .data.SystemCoreClock
                0x0000000020000000        0x4 Core/Src/system_stm32f1xx.o
                0x0000000020000000                SystemCoreClock
 .data.prevButtonState.7490
                0x0000000020000004        0x1 Core/UserCode/Button.o
 .data.prevButtonState.7495
                0x0000000020000005        0x1 Core/UserCode/Button.o
 *fill*         0x0000000020000006        0x2 
 .data.uwTickPrio
                0x0000000020000008        0x4 Drivers/STM32F1xx_HAL_Driver/Src/stm32f1xx_hal.o
                0x0000000020000008                uwTickPrio
 .data.uwTickFreq
                0x000000002000000c        0x1 Drivers/STM32F1xx_HAL_Driver/Src/stm32f1xx_hal.o
                0x000000002000000c                uwTickFreq
 *fill*         0x000000002000000d        0x3 
 .data._impure_ptr
                0x0000000020000010        0x4 c:/st/stm32cubeide_1.0.2/stm32cubeide/plugins/com.st.stm32cube.ide.mcu.externaltools.gnu-tools-for-stm32.7-2018-q2-update.win32_1.0.0.201904181610/tools/bin/../lib/gcc/arm-none-eabi/7.3.1/../../../../arm-none-eabi/lib/thumb/v7-m\libc_nano.a(lib_a-impure.o)
                0x0000000020000010                _impure_ptr
 .data.impure_data
                0x0000000020000014       0x60 c:/st/stm32cubeide_1.0.2/stm32cubeide/plugins/com.st.stm32cube.ide.mcu.externaltools.gnu-tools-for-stm32.7-2018-q2-update.win32_1.0.0.201904181610/tools/bin/../lib/gcc/arm-none-eabi/7.3.1/../../../../arm-none-eabi/lib/thumb/v7-m\libc_nano.a(lib_a-impure.o)
                0x0000000020000074                . = ALIGN (0x4)
                0x0000000020000074                _edata = .

.igot.plt       0x0000000020000074        0x0 load address 0x0000000008006adc
 .igot.plt      0x0000000020000074        0x0 c:/st/stm32cubeide_1.0.2/stm32cubeide/plugins/com.st.stm32cube.ide.mcu.externaltools.gnu-tools-for-stm32.7-2018-q2-update.win32_1.0.0.201904181610/tools/bin/../lib/gcc/arm-none-eabi/7.3.1/thumb/v7-m/crtbegin.o
                0x0000000020000074                . = ALIGN (0x4)

.bss            0x0000000020000074      0x27c load address 0x0000000008006adc
                0x0000000020000074                _sbss = .
                0x0000000020000074                __bss_start__ = _sbss
 *(.bss)
 .bss           0x0000000020000074       0x1c c:/st/stm32cubeide_1.0.2/stm32cubeide/plugins/com.st.stm32cube.ide.mcu.externaltools.gnu-tools-for-stm32.7-2018-q2-update.win32_1.0.0.201904181610/tools/bin/../lib/gcc/arm-none-eabi/7.3.1/thumb/v7-m/crtbegin.o
 *(.bss*)
 .bss.BT_RxFlag
                0x0000000020000090        0x1 Core/Src/main.o
                0x0000000020000090                BT_RxFlag
 *fill*         0x0000000020000091        0x3 
 .bss.BT_RxQueue
                0x0000000020000094       0x14 Core/Src/main.o
                0x0000000020000094                BT_RxQueue
 .bss.motor_Flag
                0x00000000200000a8        0x1 Core/Src/main.o
                0x00000000200000a8                motor_Flag
 *fill*         0x00000000200000a9        0x1 
 .bss.motor_count
                0x00000000200000aa        0x2 Core/Src/main.o
                0x00000000200000aa                motor_count
 .bss.floor     0x00000000200000ac        0x1 Core/Src/main.o
                0x00000000200000ac                floor
 .bss.parkingLot_Count
                0x00000000200000ad        0x1 Core/Src/main.o
                0x00000000200000ad                parkingLot_Count
 .bss.deg_ent   0x00000000200000ae        0x2 Core/Src/main.o
                0x00000000200000ae                deg_ent
 .bss.deg_ext   0x00000000200000b0        0x2 Core/Src/main.o
                0x00000000200000b0                deg_ext
 *fill*         0x00000000200000b2        0x2 
 .bss.BT_Buff   0x00000000200000b4       0x14 Core/Src/main.o
                0x00000000200000b4                BT_Buff
 .bss.tail.7528
                0x00000000200000c8        0x1 Core/Src/main.o
 *fill*         0x00000000200000c9        0x3 
 .bss.heap_end.5149
                0x00000000200000cc        0x4 Core/Src/sysmem.o
 .bss.I2CData   0x00000000200000d0        0x1 Core/UserCode/I2C_LCD.o
 *fill*         0x00000000200000d1        0x3 
 .bss.__malloc_free_list
                0x00000000200000d4        0x4 c:/st/stm32cubeide_1.0.2/stm32cubeide/plugins/com.st.stm32cube.ide.mcu.externaltools.gnu-tools-for-stm32.7-2018-q2-update.win32_1.0.0.201904181610/tools/bin/../lib/gcc/arm-none-eabi/7.3.1/../../../../arm-none-eabi/lib/thumb/v7-m\libc_nano.a(lib_a-nano-mallocr.o)
                0x00000000200000d4                __malloc_free_list
 .bss.__malloc_sbrk_start
                0x00000000200000d8        0x4 c:/st/stm32cubeide_1.0.2/stm32cubeide/plugins/com.st.stm32cube.ide.mcu.externaltools.gnu-tools-for-stm32.7-2018-q2-update.win32_1.0.0.201904181610/tools/bin/../lib/gcc/arm-none-eabi/7.3.1/../../../../arm-none-eabi/lib/thumb/v7-m\libc_nano.a(lib_a-nano-mallocr.o)
                0x00000000200000d8                __malloc_sbrk_start
 *(COMMON)
 COMMON         0x00000000200000dc      0x1cc Core/Src/main.o
                0x00000000200000dc                hadc2
                0x000000002000010c                hi2c1
                0x0000000020000160                BT_RxData
                0x0000000020000164                buff
                0x0000000020000178                htim3
                0x00000000200001b8                hadc1
                0x00000000200001e8                huart1
                0x0000000020000228                htim1
                0x0000000020000268                htim2
 COMMON         0x00000000200002a8       0x40 Core/Src/stm32f1xx_hal_timebase_tim.o
                0x00000000200002a8                htim4
 COMMON         0x00000000200002e8        0x4 Drivers/STM32F1xx_HAL_Driver/Src/stm32f1xx_hal.o
                0x00000000200002e8                uwTick
 COMMON         0x00000000200002ec        0x4 c:/st/stm32cubeide_1.0.2/stm32cubeide/plugins/com.st.stm32cube.ide.mcu.externaltools.gnu-tools-for-stm32.7-2018-q2-update.win32_1.0.0.201904181610/tools/bin/../lib/gcc/arm-none-eabi/7.3.1/../../../../arm-none-eabi/lib/thumb/v7-m\libc_nano.a(lib_a-reent.o)
                0x00000000200002ec                errno
                0x00000000200002f0                . = ALIGN (0x4)
                0x00000000200002f0                _ebss = .
                0x00000000200002f0                __bss_end__ = _ebss

._user_heap_stack
                0x00000000200002f0      0x600 load address 0x0000000008006adc
                0x00000000200002f0                . = ALIGN (0x8)
                0x00000000200002f0                PROVIDE (end = .)
                [!provide]                        PROVIDE (_end = .)
                0x00000000200004f0                . = (. + _Min_Heap_Size)
 *fill*         0x00000000200002f0      0x200 
                0x00000000200008f0                . = (. + _Min_Stack_Size)
 *fill*         0x00000000200004f0      0x400 
                0x00000000200008f0                . = ALIGN (0x8)

/DISCARD/
 libc.a(*)
 libm.a(*)
 libgcc.a(*)

.ARM.attributes
                0x0000000000000000       0x29
 *(.ARM.attributes)
 .ARM.attributes
                0x0000000000000000       0x1d c:/st/stm32cubeide_1.0.2/stm32cubeide/plugins/com.st.stm32cube.ide.mcu.externaltools.gnu-tools-for-stm32.7-2018-q2-update.win32_1.0.0.201904181610/tools/bin/../lib/gcc/arm-none-eabi/7.3.1/thumb/v7-m/crti.o
 .ARM.attributes
                0x000000000000001d       0x2d c:/st/stm32cubeide_1.0.2/stm32cubeide/plugins/com.st.stm32cube.ide.mcu.externaltools.gnu-tools-for-stm32.7-2018-q2-update.win32_1.0.0.201904181610/tools/bin/../lib/gcc/arm-none-eabi/7.3.1/thumb/v7-m/crtbegin.o
 .ARM.attributes
                0x000000000000004a       0x33 Core/Src/main.o
 .ARM.attributes
                0x000000000000007d       0x33 Core/Src/stm32f1xx_hal_msp.o
 .ARM.attributes
                0x00000000000000b0       0x33 Core/Src/stm32f1xx_hal_timebase_tim.o
 .ARM.attributes
                0x00000000000000e3       0x33 Core/Src/stm32f1xx_it.o
 .ARM.attributes
                0x0000000000000116       0x33 Core/Src/sysmem.o
 .ARM.attributes
                0x0000000000000149       0x33 Core/Src/system_stm32f1xx.o
 .ARM.attributes
                0x000000000000017c       0x21 Core/Startup/startup_stm32f103c8tx.o
 .ARM.attributes
                0x000000000000019d       0x33 Core/UserCode/ADC.o
 .ARM.attributes
                0x00000000000001d0       0x33 Core/UserCode/Button.o
 .ARM.attributes
                0x0000000000000203       0x33 Core/UserCode/FSM.o
 .ARM.attributes
                0x0000000000000236       0x33 Core/UserCode/I2C_LCD.o
 .ARM.attributes
                0x0000000000000269       0x33 Core/UserCode/LED.o
 .ARM.attributes
                0x000000000000029c       0x33 Core/UserCode/Servo.o
 .ARM.attributes
                0x00000000000002cf       0x33 Core/UserCode/Step_Motor.o
 .ARM.attributes
                0x0000000000000302       0x33 Drivers/STM32F1xx_HAL_Driver/Src/stm32f1xx_hal.o
 .ARM.attributes
                0x0000000000000335       0x33 Drivers/STM32F1xx_HAL_Driver/Src/stm32f1xx_hal_adc.o
 .ARM.attributes
                0x0000000000000368       0x33 Drivers/STM32F1xx_HAL_Driver/Src/stm32f1xx_hal_cortex.o
 .ARM.attributes
                0x000000000000039b       0x33 Drivers/STM32F1xx_HAL_Driver/Src/stm32f1xx_hal_dma.o
 .ARM.attributes
                0x00000000000003ce       0x33 Drivers/STM32F1xx_HAL_Driver/Src/stm32f1xx_hal_gpio.o
 .ARM.attributes
                0x0000000000000401       0x33 Drivers/STM32F1xx_HAL_Driver/Src/stm32f1xx_hal_i2c.o
 .ARM.attributes
                0x0000000000000434       0x33 Drivers/STM32F1xx_HAL_Driver/Src/stm32f1xx_hal_rcc.o
 .ARM.attributes
                0x0000000000000467       0x33 Drivers/STM32F1xx_HAL_Driver/Src/stm32f1xx_hal_rcc_ex.o
 .ARM.attributes
                0x000000000000049a       0x33 Drivers/STM32F1xx_HAL_Driver/Src/stm32f1xx_hal_tim.o
 .ARM.attributes
                0x00000000000004cd       0x33 Drivers/STM32F1xx_HAL_Driver/Src/stm32f1xx_hal_tim_ex.o
 .ARM.attributes
                0x0000000000000500       0x33 Drivers/STM32F1xx_HAL_Driver/Src/stm32f1xx_hal_uart.o
 .ARM.attributes
                0x0000000000000533       0x2d c:/st/stm32cubeide_1.0.2/stm32cubeide/plugins/com.st.stm32cube.ide.mcu.externaltools.gnu-tools-for-stm32.7-2018-q2-update.win32_1.0.0.201904181610/tools/bin/../lib/gcc/arm-none-eabi/7.3.1/../../../../arm-none-eabi/lib/thumb/v7-m\libc_nano.a(lib_a-errno.o)
 .ARM.attributes
                0x0000000000000560       0x2d c:/st/stm32cubeide_1.0.2/stm32cubeide/plugins/com.st.stm32cube.ide.mcu.externaltools.gnu-tools-for-stm32.7-2018-q2-update.win32_1.0.0.201904181610/tools/bin/../lib/gcc/arm-none-eabi/7.3.1/../../../../arm-none-eabi/lib/thumb/v7-m\libc_nano.a(lib_a-impure.o)
 .ARM.attributes
                0x000000000000058d       0x2d c:/st/stm32cubeide_1.0.2/stm32cubeide/plugins/com.st.stm32cube.ide.mcu.externaltools.gnu-tools-for-stm32.7-2018-q2-update.win32_1.0.0.201904181610/tools/bin/../lib/gcc/arm-none-eabi/7.3.1/../../../../arm-none-eabi/lib/thumb/v7-m\libc_nano.a(lib_a-init.o)
 .ARM.attributes
                0x00000000000005ba       0x2d c:/st/stm32cubeide_1.0.2/stm32cubeide/plugins/com.st.stm32cube.ide.mcu.externaltools.gnu-tools-for-stm32.7-2018-q2-update.win32_1.0.0.201904181610/tools/bin/../lib/gcc/arm-none-eabi/7.3.1/../../../../arm-none-eabi/lib/thumb/v7-m\libc_nano.a(lib_a-memset.o)
 .ARM.attributes
                0x00000000000005e7       0x2d c:/st/stm32cubeide_1.0.2/stm32cubeide/plugins/com.st.stm32cube.ide.mcu.externaltools.gnu-tools-for-stm32.7-2018-q2-update.win32_1.0.0.201904181610/tools/bin/../lib/gcc/arm-none-eabi/7.3.1/../../../../arm-none-eabi/lib/thumb/v7-m\libc_nano.a(lib_a-sprintf.o)
 .ARM.attributes
                0x0000000000000614       0x2d c:/st/stm32cubeide_1.0.2/stm32cubeide/plugins/com.st.stm32cube.ide.mcu.externaltools.gnu-tools-for-stm32.7-2018-q2-update.win32_1.0.0.201904181610/tools/bin/../lib/gcc/arm-none-eabi/7.3.1/../../../../arm-none-eabi/lib/thumb/v7-m\libc_nano.a(lib_a-findfp.o)
 .ARM.attributes
                0x0000000000000641       0x2d c:/st/stm32cubeide_1.0.2/stm32cubeide/plugins/com.st.stm32cube.ide.mcu.externaltools.gnu-tools-for-stm32.7-2018-q2-update.win32_1.0.0.201904181610/tools/bin/../lib/gcc/arm-none-eabi/7.3.1/../../../../arm-none-eabi/lib/thumb/v7-m\libc_nano.a(lib_a-nano-mallocr.o)
 .ARM.attributes
                0x000000000000066e       0x2d c:/st/stm32cubeide_1.0.2/stm32cubeide/plugins/com.st.stm32cube.ide.mcu.externaltools.gnu-tools-for-stm32.7-2018-q2-update.win32_1.0.0.201904181610/tools/bin/../lib/gcc/arm-none-eabi/7.3.1/../../../../arm-none-eabi/lib/thumb/v7-m\libc_nano.a(lib_a-nano-svfprintf.o)
 .ARM.attributes
                0x000000000000069b       0x2d c:/st/stm32cubeide_1.0.2/stm32cubeide/plugins/com.st.stm32cube.ide.mcu.externaltools.gnu-tools-for-stm32.7-2018-q2-update.win32_1.0.0.201904181610/tools/bin/../lib/gcc/arm-none-eabi/7.3.1/../../../../arm-none-eabi/lib/thumb/v7-m\libc_nano.a(lib_a-nano-vfprintf_i.o)
 .ARM.attributes
                0x00000000000006c8       0x2d c:/st/stm32cubeide_1.0.2/stm32cubeide/plugins/com.st.stm32cube.ide.mcu.externaltools.gnu-tools-for-stm32.7-2018-q2-update.win32_1.0.0.201904181610/tools/bin/../lib/gcc/arm-none-eabi/7.3.1/../../../../arm-none-eabi/lib/thumb/v7-m\libc_nano.a(lib_a-sbrkr.o)
 .ARM.attributes
                0x00000000000006f5       0x2d c:/st/stm32cubeide_1.0.2/stm32cubeide/plugins/com.st.stm32cube.ide.mcu.externaltools.gnu-tools-for-stm32.7-2018-q2-update.win32_1.0.0.201904181610/tools/bin/../lib/gcc/arm-none-eabi/7.3.1/../../../../arm-none-eabi/lib/thumb/v7-m\libc_nano.a(lib_a-memchr-stub.o)
 .ARM.attributes
                0x0000000000000722       0x2d c:/st/stm32cubeide_1.0.2/stm32cubeide/plugins/com.st.stm32cube.ide.mcu.externaltools.gnu-tools-for-stm32.7-2018-q2-update.win32_1.0.0.201904181610/tools/bin/../lib/gcc/arm-none-eabi/7.3.1/../../../../arm-none-eabi/lib/thumb/v7-m\libc_nano.a(lib_a-memcpy-stub.o)
 .ARM.attributes
                0x000000000000074f       0x2d c:/st/stm32cubeide_1.0.2/stm32cubeide/plugins/com.st.stm32cube.ide.mcu.externaltools.gnu-tools-for-stm32.7-2018-q2-update.win32_1.0.0.201904181610/tools/bin/../lib/gcc/arm-none-eabi/7.3.1/../../../../arm-none-eabi/lib/thumb/v7-m\libc_nano.a(lib_a-memmove.o)
 .ARM.attributes
                0x000000000000077c       0x2d c:/st/stm32cubeide_1.0.2/stm32cubeide/plugins/com.st.stm32cube.ide.mcu.externaltools.gnu-tools-for-stm32.7-2018-q2-update.win32_1.0.0.201904181610/tools/bin/../lib/gcc/arm-none-eabi/7.3.1/../../../../arm-none-eabi/lib/thumb/v7-m\libc_nano.a(lib_a-mlock.o)
 .ARM.attributes
                0x00000000000007a9       0x2d c:/st/stm32cubeide_1.0.2/stm32cubeide/plugins/com.st.stm32cube.ide.mcu.externaltools.gnu-tools-for-stm32.7-2018-q2-update.win32_1.0.0.201904181610/tools/bin/../lib/gcc/arm-none-eabi/7.3.1/../../../../arm-none-eabi/lib/thumb/v7-m\libc_nano.a(lib_a-nano-freer.o)
 .ARM.attributes
                0x00000000000007d6       0x2d c:/st/stm32cubeide_1.0.2/stm32cubeide/plugins/com.st.stm32cube.ide.mcu.externaltools.gnu-tools-for-stm32.7-2018-q2-update.win32_1.0.0.201904181610/tools/bin/../lib/gcc/arm-none-eabi/7.3.1/../../../../arm-none-eabi/lib/thumb/v7-m\libc_nano.a(lib_a-nano-reallocr.o)
 .ARM.attributes
                0x0000000000000803       0x2d c:/st/stm32cubeide_1.0.2/stm32cubeide/plugins/com.st.stm32cube.ide.mcu.externaltools.gnu-tools-for-stm32.7-2018-q2-update.win32_1.0.0.201904181610/tools/bin/../lib/gcc/arm-none-eabi/7.3.1/../../../../arm-none-eabi/lib/thumb/v7-m\libc_nano.a(lib_a-reent.o)
 .ARM.attributes
                0x0000000000000830       0x2d c:/st/stm32cubeide_1.0.2/stm32cubeide/plugins/com.st.stm32cube.ide.mcu.externaltools.gnu-tools-for-stm32.7-2018-q2-update.win32_1.0.0.201904181610/tools/bin/../lib/gcc/arm-none-eabi/7.3.1/../../../../arm-none-eabi/lib/thumb/v7-m\libc_nano.a(lib_a-nano-msizer.o)
 .ARM.attributes
                0x000000000000085d       0x1d c:/st/stm32cubeide_1.0.2/stm32cubeide/plugins/com.st.stm32cube.ide.mcu.externaltools.gnu-tools-for-stm32.7-2018-q2-update.win32_1.0.0.201904181610/tools/bin/../lib/gcc/arm-none-eabi/7.3.1/thumb/v7-m\libgcc.a(_arm_addsubdf3.o)
 .ARM.attributes
                0x000000000000087a       0x1d c:/st/stm32cubeide_1.0.2/stm32cubeide/plugins/com.st.stm32cube.ide.mcu.externaltools.gnu-tools-for-stm32.7-2018-q2-update.win32_1.0.0.201904181610/tools/bin/../lib/gcc/arm-none-eabi/7.3.1/thumb/v7-m\libgcc.a(_arm_muldivdf3.o)
 .ARM.attributes
                0x0000000000000897       0x1d c:/st/stm32cubeide_1.0.2/stm32cubeide/plugins/com.st.stm32cube.ide.mcu.externaltools.gnu-tools-for-stm32.7-2018-q2-update.win32_1.0.0.201904181610/tools/bin/../lib/gcc/arm-none-eabi/7.3.1/thumb/v7-m\libgcc.a(_arm_fixunsdfsi.o)
 .ARM.attributes
                0x00000000000008b4       0x1d c:/st/stm32cubeide_1.0.2/stm32cubeide/plugins/com.st.stm32cube.ide.mcu.externaltools.gnu-tools-for-stm32.7-2018-q2-update.win32_1.0.0.201904181610/tools/bin/../lib/gcc/arm-none-eabi/7.3.1/thumb/v7-m/crtn.o
OUTPUT(Project_02_Parking_Lot.elf elf32-littlearm)

.debug_info     0x0000000000000000    0x1a4e5
 .debug_info    0x0000000000000000     0x1ed1 Core/Src/main.o
 .debug_info    0x0000000000001ed1     0x1be7 Core/Src/stm32f1xx_hal_msp.o
 .debug_info    0x0000000000003ab8      0x8e8 Core/Src/stm32f1xx_hal_timebase_tim.o
 .debug_info    0x00000000000043a0     0x15de Core/Src/stm32f1xx_it.o
 .debug_info    0x000000000000597e      0x91c Core/Src/sysmem.o
 .debug_info    0x000000000000629a      0x433 Core/Src/system_stm32f1xx.o
 .debug_info    0x00000000000066cd       0x22 Core/Startup/startup_stm32f103c8tx.o
 .debug_info    0x00000000000066ef     0x15a7 Core/UserCode/ADC.o
 .debug_info    0x0000000000007c96     0x163c Core/UserCode/Button.o
 .debug_info    0x00000000000092d2     0x1583 Core/UserCode/FSM.o
 .debug_info    0x000000000000a855     0x1697 Core/UserCode/I2C_LCD.o
 .debug_info    0x000000000000beec     0x1620 Core/UserCode/LED.o
 .debug_info    0x000000000000d50c     0x156d Core/UserCode/Servo.o
 .debug_info    0x000000000000ea79     0x15cf Core/UserCode/Step_Motor.o
 .debug_info    0x0000000000010048      0x6fe Drivers/STM32F1xx_HAL_Driver/Src/stm32f1xx_hal.o
 .debug_info    0x0000000000010746      0xc61 Drivers/STM32F1xx_HAL_Driver/Src/stm32f1xx_hal_adc.o
 .debug_info    0x00000000000113a7      0xb46 Drivers/STM32F1xx_HAL_Driver/Src/stm32f1xx_hal_cortex.o
 .debug_info    0x0000000000011eed      0x7a6 Drivers/STM32F1xx_HAL_Driver/Src/stm32f1xx_hal_dma.o
 .debug_info    0x0000000000012693      0x681 Drivers/STM32F1xx_HAL_Driver/Src/stm32f1xx_hal_gpio.o
 .debug_info    0x0000000000012d14     0x2457 Drivers/STM32F1xx_HAL_Driver/Src/stm32f1xx_hal_i2c.o
 .debug_info    0x000000000001516b      0x804 Drivers/STM32F1xx_HAL_Driver/Src/stm32f1xx_hal_rcc.o
 .debug_info    0x000000000001596f      0x439 Drivers/STM32F1xx_HAL_Driver/Src/stm32f1xx_hal_rcc_ex.o
 .debug_info    0x0000000000015da8     0x2456 Drivers/STM32F1xx_HAL_Driver/Src/stm32f1xx_hal_tim.o
 .debug_info    0x00000000000181fe     0x1104 Drivers/STM32F1xx_HAL_Driver/Src/stm32f1xx_hal_tim_ex.o
 .debug_info    0x0000000000019302     0x11e3 Drivers/STM32F1xx_HAL_Driver/Src/stm32f1xx_hal_uart.o

.debug_abbrev   0x0000000000000000     0x2fda
 .debug_abbrev  0x0000000000000000      0x2b7 Core/Src/main.o
 .debug_abbrev  0x00000000000002b7      0x25a Core/Src/stm32f1xx_hal_msp.o
 .debug_abbrev  0x0000000000000511      0x19d Core/Src/stm32f1xx_hal_timebase_tim.o
 .debug_abbrev  0x00000000000006ae      0x1cb Core/Src/stm32f1xx_it.o
 .debug_abbrev  0x0000000000000879      0x1bb Core/Src/sysmem.o
 .debug_abbrev  0x0000000000000a34      0x134 Core/Src/system_stm32f1xx.o
 .debug_abbrev  0x0000000000000b68       0x12 Core/Startup/startup_stm32f103c8tx.o
 .debug_abbrev  0x0000000000000b7a      0x1dc Core/UserCode/ADC.o
 .debug_abbrev  0x0000000000000d56      0x1e0 Core/UserCode/Button.o
 .debug_abbrev  0x0000000000000f36      0x20e Core/UserCode/FSM.o
 .debug_abbrev  0x0000000000001144      0x228 Core/UserCode/I2C_LCD.o
 .debug_abbrev  0x000000000000136c      0x1b1 Core/UserCode/LED.o
 .debug_abbrev  0x000000000000151d      0x203 Core/UserCode/Servo.o
 .debug_abbrev  0x0000000000001720      0x1da Core/UserCode/Step_Motor.o
 .debug_abbrev  0x00000000000018fa      0x1d8 Drivers/STM32F1xx_HAL_Driver/Src/stm32f1xx_hal.o
 .debug_abbrev  0x0000000000001ad2      0x1d5 Drivers/STM32F1xx_HAL_Driver/Src/stm32f1xx_hal_adc.o
 .debug_abbrev  0x0000000000001ca7      0x2d5 Drivers/STM32F1xx_HAL_Driver/Src/stm32f1xx_hal_cortex.o
 .debug_abbrev  0x0000000000001f7c      0x1fe Drivers/STM32F1xx_HAL_Driver/Src/stm32f1xx_hal_dma.o
 .debug_abbrev  0x000000000000217a      0x1c0 Drivers/STM32F1xx_HAL_Driver/Src/stm32f1xx_hal_gpio.o
 .debug_abbrev  0x000000000000233a      0x258 Drivers/STM32F1xx_HAL_Driver/Src/stm32f1xx_hal_i2c.o
 .debug_abbrev  0x0000000000002592      0x243 Drivers/STM32F1xx_HAL_Driver/Src/stm32f1xx_hal_rcc.o
 .debug_abbrev  0x00000000000027d5      0x175 Drivers/STM32F1xx_HAL_Driver/Src/stm32f1xx_hal_rcc_ex.o
 .debug_abbrev  0x000000000000294a      0x230 Drivers/STM32F1xx_HAL_Driver/Src/stm32f1xx_hal_tim.o
 .debug_abbrev  0x0000000000002b7a      0x21e Drivers/STM32F1xx_HAL_Driver/Src/stm32f1xx_hal_tim_ex.o
 .debug_abbrev  0x0000000000002d98      0x242 Drivers/STM32F1xx_HAL_Driver/Src/stm32f1xx_hal_uart.o

.debug_aranges  0x0000000000000000     0x11d8
 .debug_aranges
                0x0000000000000000       0x88 Core/Src/main.o
 .debug_aranges
                0x0000000000000088       0x78 Core/Src/stm32f1xx_hal_msp.o
 .debug_aranges
                0x0000000000000100       0x30 Core/Src/stm32f1xx_hal_timebase_tim.o
 .debug_aranges
                0x0000000000000130       0x80 Core/Src/stm32f1xx_it.o
 .debug_aranges
                0x00000000000001b0       0x20 Core/Src/sysmem.o
 .debug_aranges
                0x00000000000001d0       0x28 Core/Src/system_stm32f1xx.o
 .debug_aranges
                0x00000000000001f8       0x28 Core/Startup/startup_stm32f103c8tx.o
 .debug_aranges
                0x0000000000000220       0x38 Core/UserCode/ADC.o
 .debug_aranges
                0x0000000000000258       0x38 Core/UserCode/Button.o
 .debug_aranges
                0x0000000000000290       0x40 Core/UserCode/FSM.o
 .debug_aranges
                0x00000000000002d0       0x78 Core/UserCode/I2C_LCD.o
 .debug_aranges
                0x0000000000000348       0x68 Core/UserCode/LED.o
 .debug_aranges
                0x00000000000003b0       0x38 Core/UserCode/Servo.o
 .debug_aranges
                0x00000000000003e8       0x30 Core/UserCode/Step_Motor.o
 .debug_aranges
                0x0000000000000418       0xe0 Drivers/STM32F1xx_HAL_Driver/Src/stm32f1xx_hal.o
 .debug_aranges
                0x00000000000004f8       0xf0 Drivers/STM32F1xx_HAL_Driver/Src/stm32f1xx_hal_adc.o
 .debug_aranges
                0x00000000000005e8      0x100 Drivers/STM32F1xx_HAL_Driver/Src/stm32f1xx_hal_cortex.o
 .debug_aranges
                0x00000000000006e8       0x80 Drivers/STM32F1xx_HAL_Driver/Src/stm32f1xx_hal_dma.o
 .debug_aranges
                0x0000000000000768       0x58 Drivers/STM32F1xx_HAL_Driver/Src/stm32f1xx_hal_gpio.o
 .debug_aranges
                0x00000000000007c0      0x290 Drivers/STM32F1xx_HAL_Driver/Src/stm32f1xx_hal_i2c.o
 .debug_aranges
                0x0000000000000a50       0x90 Drivers/STM32F1xx_HAL_Driver/Src/stm32f1xx_hal_rcc.o
 .debug_aranges
                0x0000000000000ae0       0x30 Drivers/STM32F1xx_HAL_Driver/Src/stm32f1xx_hal_rcc_ex.o
 .debug_aranges
                0x0000000000000b10      0x3a8 Drivers/STM32F1xx_HAL_Driver/Src/stm32f1xx_hal_tim.o
 .debug_aranges
                0x0000000000000eb8      0x150 Drivers/STM32F1xx_HAL_Driver/Src/stm32f1xx_hal_tim_ex.o
 .debug_aranges
                0x0000000000001008      0x1d0 Drivers/STM32F1xx_HAL_Driver/Src/stm32f1xx_hal_uart.o

.debug_ranges   0x0000000000000000     0x1070
 .debug_ranges  0x0000000000000000       0x78 Core/Src/main.o
 .debug_ranges  0x0000000000000078       0x68 Core/Src/stm32f1xx_hal_msp.o
 .debug_ranges  0x00000000000000e0       0x20 Core/Src/stm32f1xx_hal_timebase_tim.o
 .debug_ranges  0x0000000000000100       0x70 Core/Src/stm32f1xx_it.o
 .debug_ranges  0x0000000000000170       0x10 Core/Src/sysmem.o
 .debug_ranges  0x0000000000000180       0x18 Core/Src/system_stm32f1xx.o
 .debug_ranges  0x0000000000000198       0x20 Core/Startup/startup_stm32f103c8tx.o
 .debug_ranges  0x00000000000001b8       0x28 Core/UserCode/ADC.o
 .debug_ranges  0x00000000000001e0       0x28 Core/UserCode/Button.o
 .debug_ranges  0x0000000000000208       0x30 Core/UserCode/FSM.o
 .debug_ranges  0x0000000000000238       0x68 Core/UserCode/I2C_LCD.o
 .debug_ranges  0x00000000000002a0       0x58 Core/UserCode/LED.o
 .debug_ranges  0x00000000000002f8       0x28 Core/UserCode/Servo.o
 .debug_ranges  0x0000000000000320       0x20 Core/UserCode/Step_Motor.o
 .debug_ranges  0x0000000000000340       0xd0 Drivers/STM32F1xx_HAL_Driver/Src/stm32f1xx_hal.o
 .debug_ranges  0x0000000000000410       0xe0 Drivers/STM32F1xx_HAL_Driver/Src/stm32f1xx_hal_adc.o
 .debug_ranges  0x00000000000004f0       0xf0 Drivers/STM32F1xx_HAL_Driver/Src/stm32f1xx_hal_cortex.o
 .debug_ranges  0x00000000000005e0       0x70 Drivers/STM32F1xx_HAL_Driver/Src/stm32f1xx_hal_dma.o
 .debug_ranges  0x0000000000000650       0x48 Drivers/STM32F1xx_HAL_Driver/Src/stm32f1xx_hal_gpio.o
 .debug_ranges  0x0000000000000698      0x2a0 Drivers/STM32F1xx_HAL_Driver/Src/stm32f1xx_hal_i2c.o
 .debug_ranges  0x0000000000000938       0x80 Drivers/STM32F1xx_HAL_Driver/Src/stm32f1xx_hal_rcc.o
 .debug_ranges  0x00000000000009b8       0x20 Drivers/STM32F1xx_HAL_Driver/Src/stm32f1xx_hal_rcc_ex.o
 .debug_ranges  0x00000000000009d8      0x398 Drivers/STM32F1xx_HAL_Driver/Src/stm32f1xx_hal_tim.o
 .debug_ranges  0x0000000000000d70      0x140 Drivers/STM32F1xx_HAL_Driver/Src/stm32f1xx_hal_tim_ex.o
 .debug_ranges  0x0000000000000eb0      0x1c0 Drivers/STM32F1xx_HAL_Driver/Src/stm32f1xx_hal_uart.o

.debug_macro    0x0000000000000000    0x1765b
 .debug_macro   0x0000000000000000      0x375 Core/Src/main.o
 .debug_macro   0x0000000000000375      0xa5a Core/Src/main.o
 .debug_macro   0x0000000000000dcf      0x227 Core/Src/main.o
 .debug_macro   0x0000000000000ff6       0x2e Core/Src/main.o
 .debug_macro   0x0000000000001024       0x22 Core/Src/main.o
 .debug_macro   0x0000000000001046       0x22 Core/Src/main.o
 .debug_macro   0x0000000000001068       0x8e Core/Src/main.o
 .debug_macro   0x00000000000010f6       0x51 Core/Src/main.o
 .debug_macro   0x0000000000001147       0xef Core/Src/main.o
 .debug_macro   0x0000000000001236       0x6a Core/Src/main.o
 .debug_macro   0x00000000000012a0      0x1df Core/Src/main.o
 .debug_macro   0x000000000000147f       0x1c Core/Src/main.o
 .debug_macro   0x000000000000149b       0x22 Core/Src/main.o
 .debug_macro   0x00000000000014bd       0xc3 Core/Src/main.o
 .debug_macro   0x0000000000001580      0xd23 Core/Src/main.o
 .debug_macro   0x00000000000022a3     0xe09e Core/Src/main.o
 .debug_macro   0x0000000000010341       0x43 Core/Src/main.o
 .debug_macro   0x0000000000010384      0x174 Core/Src/main.o
 .debug_macro   0x00000000000104f8       0x5a Core/Src/main.o
 .debug_macro   0x0000000000010552      0x5be Core/Src/main.o
 .debug_macro   0x0000000000010b10      0x289 Core/Src/main.o
 .debug_macro   0x0000000000010d99      0x1cb Core/Src/main.o
 .debug_macro   0x0000000000010f64      0x114 Core/Src/main.o
 .debug_macro   0x0000000000011078      0x1b2 Core/Src/main.o
 .debug_macro   0x000000000001122a       0x27 Core/Src/main.o
 .debug_macro   0x0000000000011251      0x136 Core/Src/main.o
 .debug_macro   0x0000000000011387      0x1bc Core/Src/main.o
 .debug_macro   0x0000000000011543       0x34 Core/Src/main.o
 .debug_macro   0x0000000000011577       0x3c Core/Src/main.o
 .debug_macro   0x00000000000115b3       0x57 Core/Src/main.o
 .debug_macro   0x000000000001160a      0x46a Core/Src/main.o
 .debug_macro   0x0000000000011a74      0x1b5 Core/Src/main.o
 .debug_macro   0x0000000000011c29       0x88 Core/Src/main.o
 .debug_macro   0x0000000000011cb1      0x241 Core/Src/main.o
 .debug_macro   0x0000000000011ef2      0x280 Core/Src/main.o
 .debug_macro   0x0000000000012172      0x141 Core/Src/main.o
 .debug_macro   0x00000000000122b3      0x88b Core/Src/main.o
 .debug_macro   0x0000000000012b3e      0x26b Core/Src/main.o
 .debug_macro   0x0000000000012da9       0x83 Core/Src/main.o
 .debug_macro   0x0000000000012e2c       0x46 Core/Src/main.o
 .debug_macro   0x0000000000012e72       0x18 Core/Src/main.o
 .debug_macro   0x0000000000012e8a       0x3c Core/Src/main.o
 .debug_macro   0x0000000000012ec6       0x34 Core/Src/main.o
 .debug_macro   0x0000000000012efa       0x16 Core/Src/main.o
 .debug_macro   0x0000000000012f10       0x35 Core/Src/main.o
 .debug_macro   0x0000000000012f45      0x32a Core/Src/main.o
 .debug_macro   0x000000000001326f       0x10 Core/Src/main.o
 .debug_macro   0x000000000001327f       0x52 Core/Src/main.o
 .debug_macro   0x00000000000132d1       0x1f Core/Src/main.o
 .debug_macro   0x00000000000132f0       0x43 Core/Src/main.o
 .debug_macro   0x0000000000013333       0x20 Core/Src/main.o
 .debug_macro   0x0000000000013353      0x1a3 Core/Src/main.o
 .debug_macro   0x00000000000134f6       0x10 Core/Src/main.o
 .debug_macro   0x0000000000013506       0x1c Core/Src/main.o
 .debug_macro   0x0000000000013522       0x52 Core/Src/main.o
 .debug_macro   0x0000000000013574       0x40 Core/Src/main.o
 .debug_macro   0x00000000000135b4       0x10 Core/Src/main.o
 .debug_macro   0x00000000000135c4       0x40 Core/Src/main.o
 .debug_macro   0x0000000000013604       0xd7 Core/Src/main.o
 .debug_macro   0x00000000000136db       0x1c Core/Src/main.o
 .debug_macro   0x00000000000136f7       0x3d Core/Src/main.o
 .debug_macro   0x0000000000013734       0x16 Core/Src/main.o
 .debug_macro   0x000000000001374a      0x145 Core/Src/main.o
 .debug_macro   0x000000000001388f       0x3a Core/Src/main.o
 .debug_macro   0x00000000000138c9       0x1c Core/Src/main.o
 .debug_macro   0x00000000000138e5       0x10 Core/Src/main.o
 .debug_macro   0x00000000000138f5       0x70 Core/Src/main.o
 .debug_macro   0x0000000000013965       0x82 Core/Src/main.o
 .debug_macro   0x00000000000139e7       0x22 Core/Src/main.o
 .debug_macro   0x0000000000013a09       0x3a Core/Src/main.o
 .debug_macro   0x0000000000013a43      0x375 Core/Src/stm32f1xx_hal_msp.o
 .debug_macro   0x0000000000013db8      0x1b8 Core/Src/stm32f1xx_hal_timebase_tim.o
 .debug_macro   0x0000000000013f70      0x37f Core/Src/stm32f1xx_it.o
 .debug_macro   0x00000000000142ef      0x1ae Core/Src/sysmem.o
 .debug_macro   0x000000000001449d      0x23b Core/Src/sysmem.o
 .debug_macro   0x00000000000146d8      0x1be Core/Src/system_stm32f1xx.o
 .debug_macro   0x0000000000014896      0x37f Core/UserCode/ADC.o
 .debug_macro   0x0000000000014c15       0x34 Core/UserCode/ADC.o
 .debug_macro   0x0000000000014c49      0x37f Core/UserCode/Button.o
 .debug_macro   0x0000000000014fc8      0x379 Core/UserCode/FSM.o
 .debug_macro   0x0000000000015341      0x37f Core/UserCode/I2C_LCD.o
 .debug_macro   0x00000000000156c0       0x6a Core/UserCode/I2C_LCD.o
 .debug_macro   0x000000000001572a      0x37f Core/UserCode/LED.o
 .debug_macro   0x0000000000015aa9       0x7c Core/UserCode/LED.o
 .debug_macro   0x0000000000015b25      0x37f Core/UserCode/Servo.o
 .debug_macro   0x0000000000015ea4       0x1c Core/UserCode/Servo.o
 .debug_macro   0x0000000000015ec0      0x37f Core/UserCode/Step_Motor.o
 .debug_macro   0x000000000001623f       0x34 Core/UserCode/Step_Motor.o
 .debug_macro   0x0000000000016273      0x1dc Drivers/STM32F1xx_HAL_Driver/Src/stm32f1xx_hal.o
 .debug_macro   0x000000000001644f      0x1d5 Drivers/STM32F1xx_HAL_Driver/Src/stm32f1xx_hal_adc.o
 .debug_macro   0x0000000000016624      0x1b8 Drivers/STM32F1xx_HAL_Driver/Src/stm32f1xx_hal_cortex.o
 .debug_macro   0x00000000000167dc      0x1b8 Drivers/STM32F1xx_HAL_Driver/Src/stm32f1xx_hal_dma.o
 .debug_macro   0x0000000000016994      0x223 Drivers/STM32F1xx_HAL_Driver/Src/stm32f1xx_hal_gpio.o
 .debug_macro   0x0000000000016bb7      0x1f8 Drivers/STM32F1xx_HAL_Driver/Src/stm32f1xx_hal_i2c.o
 .debug_macro   0x0000000000016daf      0x1ca Drivers/STM32F1xx_HAL_Driver/Src/stm32f1xx_hal_rcc.o
 .debug_macro   0x0000000000016f79      0x1b8 Drivers/STM32F1xx_HAL_Driver/Src/stm32f1xx_hal_rcc_ex.o
 .debug_macro   0x0000000000017131      0x1b9 Drivers/STM32F1xx_HAL_Driver/Src/stm32f1xx_hal_tim.o
 .debug_macro   0x00000000000172ea      0x1b8 Drivers/STM32F1xx_HAL_Driver/Src/stm32f1xx_hal_tim_ex.o
 .debug_macro   0x00000000000174a2      0x1b9 Drivers/STM32F1xx_HAL_Driver/Src/stm32f1xx_hal_uart.o

.debug_line     0x0000000000000000    0x101b1
 .debug_line    0x0000000000000000      0xab8 Core/Src/main.o
 .debug_line    0x0000000000000ab8      0x9f9 Core/Src/stm32f1xx_hal_msp.o
 .debug_line    0x00000000000014b1      0x6b2 Core/Src/stm32f1xx_hal_timebase_tim.o
 .debug_line    0x0000000000001b63      0x9b9 Core/Src/stm32f1xx_it.o
 .debug_line    0x000000000000251c      0x55e Core/Src/sysmem.o
 .debug_line    0x0000000000002a7a      0x6af Core/Src/system_stm32f1xx.o
 .debug_line    0x0000000000003129       0x84 Core/Startup/startup_stm32f103c8tx.o
 .debug_line    0x00000000000031ad      0x945 Core/UserCode/ADC.o
 .debug_line    0x0000000000003af2      0x961 Core/UserCode/Button.o
 .debug_line    0x0000000000004453      0x95f Core/UserCode/FSM.o
 .debug_line    0x0000000000004db2      0x9cb Core/UserCode/I2C_LCD.o
 .debug_line    0x000000000000577d      0x96e Core/UserCode/LED.o
 .debug_line    0x00000000000060eb      0x908 Core/UserCode/Servo.o
 .debug_line    0x00000000000069f3      0x926 Core/UserCode/Step_Motor.o
 .debug_line    0x0000000000007319      0x857 Drivers/STM32F1xx_HAL_Driver/Src/stm32f1xx_hal.o
 .debug_line    0x0000000000007b70      0xba9 Drivers/STM32F1xx_HAL_Driver/Src/stm32f1xx_hal_adc.o
 .debug_line    0x0000000000008719      0x930 Drivers/STM32F1xx_HAL_Driver/Src/stm32f1xx_hal_cortex.o
 .debug_line    0x0000000000009049      0xabe Drivers/STM32F1xx_HAL_Driver/Src/stm32f1xx_hal_dma.o
 .debug_line    0x0000000000009b07      0x857 Drivers/STM32F1xx_HAL_Driver/Src/stm32f1xx_hal_gpio.o
 .debug_line    0x000000000000a35e     0x1b1a Drivers/STM32F1xx_HAL_Driver/Src/stm32f1xx_hal_i2c.o
 .debug_line    0x000000000000be78      0x919 Drivers/STM32F1xx_HAL_Driver/Src/stm32f1xx_hal_rcc.o
 .debug_line    0x000000000000c791      0x737 Drivers/STM32F1xx_HAL_Driver/Src/stm32f1xx_hal_rcc_ex.o
 .debug_line    0x000000000000cec8     0x171d Drivers/STM32F1xx_HAL_Driver/Src/stm32f1xx_hal_tim.o
 .debug_line    0x000000000000e5e5      0xc6a Drivers/STM32F1xx_HAL_Driver/Src/stm32f1xx_hal_tim_ex.o
 .debug_line    0x000000000000f24f      0xf62 Drivers/STM32F1xx_HAL_Driver/Src/stm32f1xx_hal_uart.o

.debug_str      0x0000000000000000    0x79f21
 .debug_str     0x0000000000000000    0x75f1e Core/Src/main.o
                                      0x76384 (size before relaxing)
 .debug_str     0x0000000000075f1e      0x149 Core/Src/stm32f1xx_hal_msp.o
                                      0x75fd2 (size before relaxing)
 .debug_str     0x0000000000076067       0xaa Core/Src/stm32f1xx_hal_timebase_tim.o
                                      0x7136c (size before relaxing)
 .debug_str     0x0000000000076111       0xef Core/Src/stm32f1xx_it.o
                                      0x75c33 (size before relaxing)
 .debug_str     0x0000000000076200      0x4d1 Core/Src/sysmem.o
                                       0x7ad6 (size before relaxing)
 .debug_str     0x00000000000766d1       0xc2 Core/Src/system_stm32f1xx.o
                                      0x70c8a (size before relaxing)
 .debug_str     0x0000000000076793       0x36 Core/Startup/startup_stm32f103c8tx.o
                                         0x7b (size before relaxing)
 .debug_str     0x00000000000767c9       0x63 Core/UserCode/ADC.o
                                      0x75b88 (size before relaxing)
 .debug_str     0x000000000007682c       0x79 Core/UserCode/Button.o
                                      0x75bb0 (size before relaxing)
 .debug_str     0x00000000000768a5       0x67 Core/UserCode/FSM.o
                                      0x75b94 (size before relaxing)
 .debug_str     0x000000000007690c       0xee Core/UserCode/I2C_LCD.o
                                      0x75c22 (size before relaxing)
 .debug_str     0x00000000000769fa       0xcb Core/UserCode/LED.o
                                      0x75c1e (size before relaxing)
 .debug_str     0x0000000000076ac5       0x5b Core/UserCode/Servo.o
                                      0x75b7b (size before relaxing)
 .debug_str     0x0000000000076b20       0x4b Core/UserCode/Step_Motor.o
                                      0x75b9e (size before relaxing)
 .debug_str     0x0000000000076b6b      0x37a Drivers/STM32F1xx_HAL_Driver/Src/stm32f1xx_hal.o
                                      0x7129b (size before relaxing)
 .debug_str     0x0000000000076ee5      0x357 Drivers/STM32F1xx_HAL_Driver/Src/stm32f1xx_hal_adc.o
                                      0x712a0 (size before relaxing)
 .debug_str     0x000000000007723c      0x2c8 Drivers/STM32F1xx_HAL_Driver/Src/stm32f1xx_hal_cortex.o
                                      0x712a9 (size before relaxing)
 .debug_str     0x0000000000077504      0x23f Drivers/STM32F1xx_HAL_Driver/Src/stm32f1xx_hal_dma.o
                                      0x70feb (size before relaxing)
 .debug_str     0x0000000000077743      0x31f Drivers/STM32F1xx_HAL_Driver/Src/stm32f1xx_hal_gpio.o
                                      0x70fd4 (size before relaxing)
 .debug_str     0x0000000000077a62      0xb62 Drivers/STM32F1xx_HAL_Driver/Src/stm32f1xx_hal_i2c.o
                                      0x71c00 (size before relaxing)
 .debug_str     0x00000000000785c4      0x24e Drivers/STM32F1xx_HAL_Driver/Src/stm32f1xx_hal_rcc.o
                                      0x7100d (size before relaxing)
 .debug_str     0x0000000000078812       0xb9 Drivers/STM32F1xx_HAL_Driver/Src/stm32f1xx_hal_rcc_ex.o
                                      0x70d9a (size before relaxing)
 .debug_str     0x00000000000788cb      0xccc Drivers/STM32F1xx_HAL_Driver/Src/stm32f1xx_hal_tim.o
                                      0x71dd8 (size before relaxing)
 .debug_str     0x0000000000079597      0x49b Drivers/STM32F1xx_HAL_Driver/Src/stm32f1xx_hal_tim_ex.o
                                      0x715d8 (size before relaxing)
 .debug_str     0x0000000000079a32      0x4ef Drivers/STM32F1xx_HAL_Driver/Src/stm32f1xx_hal_uart.o
                                      0x714fc (size before relaxing)

.comment        0x0000000000000000       0x7b
 .comment       0x0000000000000000       0x7b Core/Src/main.o
                                         0x7c (size before relaxing)
 .comment       0x000000000000007b       0x7c Core/Src/stm32f1xx_hal_msp.o
 .comment       0x000000000000007b       0x7c Core/Src/stm32f1xx_hal_timebase_tim.o
 .comment       0x000000000000007b       0x7c Core/Src/stm32f1xx_it.o
 .comment       0x000000000000007b       0x7c Core/Src/sysmem.o
 .comment       0x000000000000007b       0x7c Core/Src/system_stm32f1xx.o
 .comment       0x000000000000007b       0x7c Core/UserCode/ADC.o
 .comment       0x000000000000007b       0x7c Core/UserCode/Button.o
 .comment       0x000000000000007b       0x7c Core/UserCode/FSM.o
 .comment       0x000000000000007b       0x7c Core/UserCode/I2C_LCD.o
 .comment       0x000000000000007b       0x7c Core/UserCode/LED.o
 .comment       0x000000000000007b       0x7c Core/UserCode/Servo.o
 .comment       0x000000000000007b       0x7c Core/UserCode/Step_Motor.o
 .comment       0x000000000000007b       0x7c Drivers/STM32F1xx_HAL_Driver/Src/stm32f1xx_hal.o
 .comment       0x000000000000007b       0x7c Drivers/STM32F1xx_HAL_Driver/Src/stm32f1xx_hal_adc.o
 .comment       0x000000000000007b       0x7c Drivers/STM32F1xx_HAL_Driver/Src/stm32f1xx_hal_cortex.o
 .comment       0x000000000000007b       0x7c Drivers/STM32F1xx_HAL_Driver/Src/stm32f1xx_hal_dma.o
 .comment       0x000000000000007b       0x7c Drivers/STM32F1xx_HAL_Driver/Src/stm32f1xx_hal_gpio.o
 .comment       0x000000000000007b       0x7c Drivers/STM32F1xx_HAL_Driver/Src/stm32f1xx_hal_i2c.o
 .comment       0x000000000000007b       0x7c Drivers/STM32F1xx_HAL_Driver/Src/stm32f1xx_hal_rcc.o
 .comment       0x000000000000007b       0x7c Drivers/STM32F1xx_HAL_Driver/Src/stm32f1xx_hal_rcc_ex.o
 .comment       0x000000000000007b       0x7c Drivers/STM32F1xx_HAL_Driver/Src/stm32f1xx_hal_tim.o
 .comment       0x000000000000007b       0x7c Drivers/STM32F1xx_HAL_Driver/Src/stm32f1xx_hal_tim_ex.o
 .comment       0x000000000000007b       0x7c Drivers/STM32F1xx_HAL_Driver/Src/stm32f1xx_hal_uart.o

.debug_frame    0x0000000000000000     0x4e48
 .debug_frame   0x0000000000000000      0x1ec Core/Src/main.o
 .debug_frame   0x00000000000001ec      0x1c8 Core/Src/stm32f1xx_hal_msp.o
 .debug_frame   0x00000000000003b4       0x74 Core/Src/stm32f1xx_hal_timebase_tim.o
 .debug_frame   0x0000000000000428      0x17c Core/Src/stm32f1xx_it.o
 .debug_frame   0x00000000000005a4       0x34 Core/Src/sysmem.o
 .debug_frame   0x00000000000005d8       0x58 Core/Src/system_stm32f1xx.o
 .debug_frame   0x0000000000000630       0xb8 Core/UserCode/ADC.o
 .debug_frame   0x00000000000006e8       0xa0 Core/UserCode/Button.o
 .debug_frame   0x0000000000000788       0xc0 Core/UserCode/FSM.o
 .debug_frame   0x0000000000000848      0x198 Core/UserCode/I2C_LCD.o
 .debug_frame   0x00000000000009e0      0x128 Core/UserCode/LED.o
 .debug_frame   0x0000000000000b08       0x98 Core/UserCode/Servo.o
 .debug_frame   0x0000000000000ba0       0x74 Core/UserCode/Step_Motor.o
 .debug_frame   0x0000000000000c14      0x334 Drivers/STM32F1xx_HAL_Driver/Src/stm32f1xx_hal.o
 .debug_frame   0x0000000000000f48      0x40c Drivers/STM32F1xx_HAL_Driver/Src/stm32f1xx_hal_adc.o
 .debug_frame   0x0000000000001354      0x428 Drivers/STM32F1xx_HAL_Driver/Src/stm32f1xx_hal_cortex.o
 .debug_frame   0x000000000000177c      0x208 Drivers/STM32F1xx_HAL_Driver/Src/stm32f1xx_hal_dma.o
 .debug_frame   0x0000000000001984      0x14c Drivers/STM32F1xx_HAL_Driver/Src/stm32f1xx_hal_gpio.o
 .debug_frame   0x0000000000001ad0      0xc08 Drivers/STM32F1xx_HAL_Driver/Src/stm32f1xx_hal_i2c.o
 .debug_frame   0x00000000000026d8      0x21c Drivers/STM32F1xx_HAL_Driver/Src/stm32f1xx_hal_rcc.o
 .debug_frame   0x00000000000028f4       0x84 Drivers/STM32F1xx_HAL_Driver/Src/stm32f1xx_hal_rcc_ex.o
 .debug_frame   0x0000000000002978     0x10e8 Drivers/STM32F1xx_HAL_Driver/Src/stm32f1xx_hal_tim.o