main.c:88:6:HAL_UART_RxCpltCallback	16	static
main.c:117:5:main	120	static
main.c:217:6:SystemClock_Config	88	static
main.c:261:13:MX_NVIC_Init	8	static
main.c:276:13:MX_ADC1_Init	24	static
main.c:353:13:MX_ADC2_Init	24	static
main.c:422:13:MX_I2C1_Init	8	static
main.c:456:13:MX_TIM1_Init	80	static
main.c:520:13:MX_TIM2_Init	32	static
main.c:565:13:MX_TIM3_Init	48	static
main.c:614:13:MX_USART1_UART_Init	8	static
main.c:647:13:MX_GPIO_Init	40	static
main.c:716:6:HAL_TIM_PeriodElapsedCallback	16	static
main.c:737:6:Error_Handler	4	static
